Archive member included to satisfy reference by file (symbol)

../Middlewares/ST/AI/Lib\NetworkRuntime400_CM4_GCC.a(ai_platform_interface.o)
                              Src/handwritten_nn.o (ai_platform_api_get_network_report)
../Middlewares/ST/AI/Lib\NetworkRuntime400_CM4_GCC.a(core_common.o)
                              ../Middlewares/ST/AI/Lib\NetworkRuntime400_CM4_GCC.a(ai_platform_interface.o) (core_get_error)
../Middlewares/ST/AI/Lib\NetworkRuntime400_CM4_GCC.a(layers.o)
                              ../Middlewares/ST/AI/Lib\NetworkRuntime400_CM4_GCC.a(ai_platform_interface.o) (ai_check_custom_types)
../Middlewares/ST/AI/Lib\NetworkRuntime400_CM4_GCC.a(layers_conv2d_generic_float.o)
                              Src/handwritten_nn.o (forward_dense)
../Middlewares/ST/AI/Lib\NetworkRuntime400_CM4_GCC.a(layers_nl_generic_float.o)
                              Src/handwritten_nn.o (forward_relu)
../Middlewares/ST/AI/Lib\NetworkRuntime400_CM4_GCC.a(ai_datatypes_format.o)
                              ../Middlewares/ST/AI/Lib\NetworkRuntime400_CM4_GCC.a(ai_platform_interface.o) (ai_array_get_byte_size)
../Middlewares/ST/AI/Lib\NetworkRuntime400_CM4_GCC.a(ai_math_helpers.o)
                              ../Middlewares/ST/AI/Lib\NetworkRuntime400_CM4_GCC.a(layers_nl_generic_float.o) (ai_math_sqrt)
c:/st/stm32cubeide_1.0.2/stm32cubeide/plugins/com.st.stm32cube.ide.mcu.externaltools.gnu-tools-for-stm32.7-2018-q2-update.win32_1.0.0.201904181610/tools/bin/../lib/gcc/arm-none-eabi/7.3.1/../../../../arm-none-eabi/lib/thumb/v7e-m/fpv4-sp/hard\libc_nano.a(lib_a-aeabi_memclr.o)
                              ../Middlewares/ST/AI/Lib\NetworkRuntime400_CM4_GCC.a(layers_conv2d_generic_float.o) (__aeabi_memclr)
c:/st/stm32cubeide_1.0.2/stm32cubeide/plugins/com.st.stm32cube.ide.mcu.externaltools.gnu-tools-for-stm32.7-2018-q2-update.win32_1.0.0.201904181610/tools/bin/../lib/gcc/arm-none-eabi/7.3.1/../../../../arm-none-eabi/lib/thumb/v7e-m/fpv4-sp/hard\libc_nano.a(lib_a-aeabi_memcpy.o)
                              ../Middlewares/ST/AI/Lib\NetworkRuntime400_CM4_GCC.a(ai_platform_interface.o) (__aeabi_memcpy)
c:/st/stm32cubeide_1.0.2/stm32cubeide/plugins/com.st.stm32cube.ide.mcu.externaltools.gnu-tools-for-stm32.7-2018-q2-update.win32_1.0.0.201904181610/tools/bin/../lib/gcc/arm-none-eabi/7.3.1/../../../../arm-none-eabi/lib/thumb/v7e-m/fpv4-sp/hard\libc_nano.a(lib_a-aeabi_memset-soft.o)
                              c:/st/stm32cubeide_1.0.2/stm32cubeide/plugins/com.st.stm32cube.ide.mcu.externaltools.gnu-tools-for-stm32.7-2018-q2-update.win32_1.0.0.201904181610/tools/bin/../lib/gcc/arm-none-eabi/7.3.1/../../../../arm-none-eabi/lib/thumb/v7e-m/fpv4-sp/hard\libc_nano.a(lib_a-aeabi_memclr.o) (__aeabi_memset)
c:/st/stm32cubeide_1.0.2/stm32cubeide/plugins/com.st.stm32cube.ide.mcu.externaltools.gnu-tools-for-stm32.7-2018-q2-update.win32_1.0.0.201904181610/tools/bin/../lib/gcc/arm-none-eabi/7.3.1/../../../../arm-none-eabi/lib/thumb/v7e-m/fpv4-sp/hard\libc_nano.a(lib_a-errno.o)
                              Src/syscalls.o (__errno)
c:/st/stm32cubeide_1.0.2/stm32cubeide/plugins/com.st.stm32cube.ide.mcu.externaltools.gnu-tools-for-stm32.7-2018-q2-update.win32_1.0.0.201904181610/tools/bin/../lib/gcc/arm-none-eabi/7.3.1/../../../../arm-none-eabi/lib/thumb/v7e-m/fpv4-sp/hard\libc_nano.a(lib_a-exit.o)
                              c:/st/stm32cubeide_1.0.2/stm32cubeide/plugins/com.st.stm32cube.ide.mcu.externaltools.gnu-tools-for-stm32.7-2018-q2-update.win32_1.0.0.201904181610/tools/bin/../lib/gcc/arm-none-eabi/7.3.1/../../../../arm-none-eabi/lib/thumb/v7e-m/fpv4-sp/hard/crt0.o (exit)
c:/st/stm32cubeide_1.0.2/stm32cubeide/plugins/com.st.stm32cube.ide.mcu.externaltools.gnu-tools-for-stm32.7-2018-q2-update.win32_1.0.0.201904181610/tools/bin/../lib/gcc/arm-none-eabi/7.3.1/../../../../arm-none-eabi/lib/thumb/v7e-m/fpv4-sp/hard\libc_nano.a(lib_a-impure.o)
                              c:/st/stm32cubeide_1.0.2/stm32cubeide/plugins/com.st.stm32cube.ide.mcu.externaltools.gnu-tools-for-stm32.7-2018-q2-update.win32_1.0.0.201904181610/tools/bin/../lib/gcc/arm-none-eabi/7.3.1/../../../../arm-none-eabi/lib/thumb/v7e-m/fpv4-sp/hard\libc_nano.a(lib_a-exit.o) (_global_impure_ptr)
c:/st/stm32cubeide_1.0.2/stm32cubeide/plugins/com.st.stm32cube.ide.mcu.externaltools.gnu-tools-for-stm32.7-2018-q2-update.win32_1.0.0.201904181610/tools/bin/../lib/gcc/arm-none-eabi/7.3.1/../../../../arm-none-eabi/lib/thumb/v7e-m/fpv4-sp/hard\libc_nano.a(lib_a-init.o)
                              c:/st/stm32cubeide_1.0.2/stm32cubeide/plugins/com.st.stm32cube.ide.mcu.externaltools.gnu-tools-for-stm32.7-2018-q2-update.win32_1.0.0.201904181610/tools/bin/../lib/gcc/arm-none-eabi/7.3.1/../../../../arm-none-eabi/lib/thumb/v7e-m/fpv4-sp/hard/crt0.o (__libc_init_array)
[...]
Memory Configuration

Name             Origin             Length             Attributes
CCMRAM           0x0000000010000000 0x0000000000010000 xrw
RAM              0x0000000020000000 0x0000000000020000 xrw
FLASH            0x0000000008000000 0x0000000000100000 xr
*default*        0x0000000000000000 0xffffffffffffffff

Linker script and memory map

LOAD c:/st/stm32cubeide_1.0.2/stm32cubeide/plugins/com.st.stm32cube.ide.mcu.externaltools.gnu-tools-for-stm32.7-2018-q2-update.win32_1.0.0.201904181610/tools/bin/../lib/gcc/arm-none-eabi/7.3.1/thumb/v7e-m/fpv4-sp/hard/crti.o
LOAD c:/st/stm32cubeide_1.0.2/stm32cubeide/plugins/com.st.stm32cube.ide.mcu.externaltools.gnu-tools-for-stm32.7-2018-q2-update.win32_1.0.0.201904181610/tools/bin/../lib/gcc/arm-none-eabi/7.3.1/thumb/v7e-m/fpv4-sp/hard/crtbegin.o
LOAD c:/st/stm32cubeide_1.0.2/stm32cubeide/plugins/com.st.stm32cube.ide.mcu.externaltools.gnu-tools-for-stm32.7-2018-q2-update.win32_1.0.0.201904181610/tools/bin/../lib/gcc/arm-none-eabi/7.3.1/../../../../arm-none-eabi/lib/thumb/v7e-m/fpv4-sp/hard/crt0.o
LOAD Drivers/CMSIS/DSP/Source/BasicMathFunctions/arm_dot_prod_f32.o
LOAD Drivers/CMSIS/DSP/Source/BasicMathFunctions/arm_shift_q15.o
LOAD Drivers/CMSIS/DSP/Source/BasicMathFunctions/arm_shift_q7.o
LOAD Drivers/CMSIS/DSP/Source/MatrixFunctions/arm_mat_init_f32.o
LOAD Drivers/CMSIS/DSP/Source/SupportFunctions/arm_float_to_q15.o
LOAD Drivers/CMSIS/DSP/Source/SupportFunctions/arm_float_to_q7.o
LOAD Drivers/CMSIS/DSP/Source/SupportFunctions/arm_q15_to_float.o
LOAD Drivers/CMSIS/DSP/Source/SupportFunctions/arm_q15_to_q7.o
LOAD Drivers/CMSIS/DSP/Source/SupportFunctions/arm_q7_to_float.o
LOAD Drivers/CMSIS/DSP/Source/SupportFunctions/arm_q7_to_q15.o
LOAD Drivers/STM32F4xx_HAL_Driver/Src/stm32f4xx_hal.o
LOAD Drivers/STM32F4xx_HAL_Driver/Src/stm32f4xx_hal_cortex.o
LOAD Drivers/STM32F4xx_HAL_Driver/Src/stm32f4xx_hal_crc.o
LOAD Drivers/STM32F4xx_HAL_Driver/Src/stm32f4xx_hal_dma.o
LOAD Drivers/STM32F4xx_HAL_Driver/Src/stm32f4xx_hal_dma_ex.o
LOAD Drivers/STM32F4xx_HAL_Driver/Src/stm32f4xx_hal_exti.o
LOAD Drivers/STM32F4xx_HAL_Driver/Src/stm32f4xx_hal_flash.o
LOAD Drivers/STM32F4xx_HAL_Driver/Src/stm32f4xx_hal_flash_ex.o
LOAD Drivers/STM32F4xx_HAL_Driver/Src/stm32f4xx_hal_flash_ramfunc.o
LOAD Drivers/STM32F4xx_HAL_Driver/Src/stm32f4xx_hal_gpio.o
LOAD Drivers/STM32F4xx_HAL_Driver/Src/stm32f4xx_hal_pwr.o
LOAD Drivers/STM32F4xx_HAL_Driver/Src/stm32f4xx_hal_pwr_ex.o
LOAD Drivers/STM32F4xx_HAL_Driver/Src/stm32f4xx_hal_rcc.o
LOAD Drivers/STM32F4xx_HAL_Driver/Src/stm32f4xx_hal_rcc_ex.o
LOAD Drivers/STM32F4xx_HAL_Driver/Src/stm32f4xx_hal_spi.o
LOAD Drivers/STM32F4xx_HAL_Driver/Src/stm32f4xx_hal_sram.o
LOAD Drivers/STM32F4xx_HAL_Driver/Src/stm32f4xx_hal_tim.o
LOAD Drivers/STM32F4xx_HAL_Driver/Src/stm32f4xx_hal_tim_ex.o
LOAD Drivers/STM32F4xx_HAL_Driver/Src/stm32f4xx_hal_uart.o
LOAD Drivers/STM32F4xx_HAL_Driver/Src/stm32f4xx_ll_fsmc.o
LOAD Src/app_x-cube-ai.o
LOAD Src/handwritten_nn.o
LOAD Src/handwritten_nn_data.o
LOAD Src/ili9325.o
LOAD Src/main.o
LOAD Src/stm32_lcd_bsp.o
LOAD Src/stm32f4xx_hal_msp.o
LOAD Src/stm32f4xx_it.o
LOAD Src/syscalls.o
LOAD Src/sysmem.o
LOAD Src/system_stm32f4xx.o
LOAD Src/touch_panel.o
LOAD Startup/startup_stm32f407igtx.o
LOAD ../Middlewares/ST/AI/Lib\NetworkRuntime400_CM4_GCC.a
START GROUP
LOAD c:/st/stm32cubeide_1.0.2/stm32cubeide/plugins/com.st.stm32cube.ide.mcu.externaltools.gnu-tools-for-stm32.7-2018-q2-update.win32_1.0.0.201904181610/tools/bin/../lib/gcc/arm-none-eabi/7.3.1/../../../../arm-none-eabi/lib/thumb/v7e-m/fpv4-sp/hard\libc_nano.a
LOAD c:/st/stm32cubeide_1.0.2/stm32cubeide/plugins/com.st.stm32cube.ide.mcu.externaltools.gnu-tools-for-stm32.7-2018-q2-update.win32_1.0.0.201904181610/tools/bin/../lib/gcc/arm-none-eabi/7.3.1/../../../../arm-none-eabi/lib/thumb/v7e-m/fpv4-sp/hard\libm.a
END GROUP
START GROUP
LOAD c:/st/stm32cubeide_1.0.2/stm32cubeide/plugins/com.st.stm32cube.ide.mcu.externaltools.gnu-tools-for-stm32.7-2018-q2-update.win32_1.0.0.201904181610/tools/bin/../lib/gcc/arm-none-eabi/7.3.1/thumb/v7e-m/fpv4-sp/hard\libgcc.a
LOAD c:/st/stm32cubeide_1.0.2/stm32cubeide/plugins/com.st.stm32cube.ide.mcu.externaltools.gnu-tools-for-stm32.7-2018-q2-update.win32_1.0.0.201904181610/tools/bin/../lib/gcc/arm-none-eabi/7.3.1/../../../../arm-none-eabi/lib/thumb/v7e-m/fpv4-sp/hard\libc_nano.a
END GROUP
START GROUP
LOAD c:/st/stm32cubeide_1.0.2/stm32cubeide/plugins/com.st.stm32cube.ide.mcu.externaltools.gnu-tools-for-stm32.7-2018-q2-update.win32_1.0.0.201904181610/tools/bin/../lib/gcc/arm-none-eabi/7.3.1/thumb/v7e-m/fpv4-sp/hard\libgcc.a
LOAD c:/st/stm32cubeide_1.0.2/stm32cubeide/plugins/com.st.stm32cube.ide.mcu.externaltools.gnu-tools-for-stm32.7-2018-q2-update.win32_1.0.0.201904181610/tools/bin/../lib/gcc/arm-none-eabi/7.3.1/../../../../arm-none-eabi/lib/thumb/v7e-m/fpv4-sp/hard\libc_nano.a
LOAD c:/st/stm32cubeide_1.0.2/stm32cubeide/plugins/com.st.stm32cube.ide.mcu.externaltools.gnu-tools-for-stm32.7-2018-q2-update.win32_1.0.0.201904181610/tools/bin/../lib/gcc/arm-none-eabi/7.3.1/../../../../arm-none-eabi/lib/thumb/v7e-m/fpv4-sp/hard\libnosys.a
END GROUP
START GROUP
LOAD c:/st/stm32cubeide_1.0.2/stm32cubeide/plugins/com.st.stm32cube.ide.mcu.externaltools.gnu-tools-for-stm32.7-2018-q2-update.win32_1.0.0.201904181610/tools/bin/../lib/gcc/arm-none-eabi/7.3.1/thumb/v7e-m/fpv4-sp/hard\libgcc.a
LOAD c:/st/stm32cubeide_1.0.2/stm32cubeide/plugins/com.st.stm32cube.ide.mcu.externaltools.gnu-tools-for-stm32.7-2018-q2-update.win32_1.0.0.201904181610/tools/bin/../lib/gcc/arm-none-eabi/7.3.1/../../../../arm-none-eabi/lib/thumb/v7e-m/fpv4-sp/hard\libc_nano.a
LOAD c:/st/stm32cubeide_1.0.2/stm32cubeide/plugins/com.st.stm32cube.ide.mcu.externaltools.gnu-tools-for-stm32.7-2018-q2-update.win32_1.0.0.201904181610/tools/bin/../lib/gcc/arm-none-eabi/7.3.1/../../../../arm-none-eabi/lib/thumb/v7e-m/fpv4-sp/hard\libnosys.a
END GROUP
LOAD c:/st/stm32cubeide_1.0.2/stm32cubeide/plugins/com.st.stm32cube.ide.mcu.externaltools.gnu-tools-for-stm32.7-2018-q2-update.win32_1.0.0.201904181610/tools/bin/../lib/gcc/arm-none-eabi/7.3.1/thumb/v7e-m/fpv4-sp/hard/crtend.o
LOAD c:/st/stm32cubeide_1.0.2/stm32cubeide/plugins/com.st.stm32cube.ide.mcu.externaltools.gnu-tools-for-stm32.7-2018-q2-update.win32_1.0.0.201904181610/tools/bin/../lib/gcc/arm-none-eabi/7.3.1/thumb/v7e-m/fpv4-sp/hard/crtn.o
                0x0000000020020000                _estack = 0x20020000
                0x0000000000000200                _Min_Heap_Size = 0x200
                0x0000000000000400                _Min_Stack_Size = 0x400

.isr_vector     0x0000000008000000      0x188
                0x0000000008000000                . = ALIGN (0x4)
 *(.isr_vector)
 .isr_vector    0x0000000008000000      0x188 Startup/startup_stm32f407igtx.o
                0x0000000008000000                g_pfnVectors
                0x0000000008000188                . = ALIGN (0x4)

.text           0x0000000008000188     0x9ddc
                0x0000000008000188                . = ALIGN (0x4)
 *(.text)
 .text          0x0000000008000188       0x40 c:/st/stm32cubeide_1.0.2/stm32cubeide/plugins/com.st.stm32cube.ide.mcu.externaltools.gnu-tools-for-stm32.7-2018-q2-update.win32_1.0.0.201904181610/tools/bin/../lib/gcc/arm-none-eabi/7.3.1/thumb/v7e-m/fpv4-sp/hard/crtbegin.o
 .text          0x00000000080001c8      0x86c ../Middlewares/ST/AI/Lib\NetworkRuntime400_CM4_GCC.a(ai_platform_interface.o)
                0x0000000008000548                ai_platform_runtime_get_revision
                0x0000000008000578                ai_platform_runtime_get_version
                0x00000000080005ac                ai_platform_api_get_version
                0x00000000080005e0                ai_platform_interface_api_get_version
                0x0000000008000614                ai_platform_context_acquire
                0x0000000008000650                ai_platform_context_release
                0x0000000008000658                ai_platform_network_get_error
                0x00000000080006a4                ai_platform_network_set_error
                0x00000000080006b0                ai_platform_api_get_network_report
                0x0000000008000824                ai_platform_network_create
                0x000000000800089c                ai_platform_network_destroy
                0x00000000080008da                ai_platform_network_init
                0x0000000008000986                ai_platform_network_process
 .text          0x0000000008000a34       0x24 ../Middlewares/ST/AI/Lib\NetworkRuntime400_CM4_GCC.a(core_common.o)
                0x0000000008000a34                core_init
                0x0000000008000a38                core_get_error
                0x0000000008000a42                core_set_error
 .text          0x0000000008000a58      0x25c ../Middlewares/ST/AI/Lib\NetworkRuntime400_CM4_GCC.a(layers.o)
                0x0000000008000a58                ai_layers_forward_layer
                0x0000000008000a6c                ai_check_custom_types
                0x0000000008000a94                ai_layer_type_name
                0x0000000008000ba4                ai_layer_type_is_valid
                0x0000000008000bc0                ai_layers_forward_all
 .text          0x0000000008000cb4     0x1734 ../Middlewares/ST/AI/Lib\NetworkRuntime400_CM4_GCC.a(layers_conv2d_generic_float.o)
                0x0000000008001348                ai_dict8_dot_array_f32
                0x0000000008001620                ai_dict4_dot_array_f32
                0x00000000080016c0                ai_dict_decompress_f32
                0x0000000008001794                forward_conv2d
                0x00000000080019ac                forward_conv2d_nl_pool
                0x0000000008001d90                forward_dense
                0x00000000080021e0                forward_gemm
                0x000000000800228c                forward_matmul
 .text          0x00000000080023e8      0xca6 ../Middlewares/ST/AI/Lib\NetworkRuntime400_CM4_GCC.a(layers_nl_generic_float.o)
                0x00000000080023e8                nl_func_sm_channel_f32
                0x000000000800250c                nl_func_sm_array_f32
                0x0000000008002550                nl_func_tanh_array_f32
                0x000000000800257c                nl_func_sigmoid_array_f32
                0x00000000080025bc                nl_func_hard_sigmoid_array_f32
                0x0000000008002614                nl_func_exp_array_f32
                0x0000000008002640                nl_func_sqrt_array_f32
                0x000000000800266c                nl_func_soft_plus_array_f32
                0x00000000080026a4                nl_func_soft_sign_array_f32
                0x00000000080026d8                nl_func_sign_array_f32
                0x0000000008002718                nl_func_clip_array_f32
                0x0000000008002760                nl_func_hardmax_array_f32
                0x000000000800283c                nl_func_relu_array_f32
                0x0000000008002874                nl_func_relu_generic_array_f32
                0x0000000008002928                nl_func_relu_thresholded_array_f32
                0x000000000800295c                nl_func_elu_array_f32
                0x00000000080029e4                nl_func_selu_array_f32
                0x0000000008002a70                nl_func_prelu_array_f32
                0x0000000008002acc                forward_relu
                0x0000000008002b44                forward_relu_thresholded
                0x0000000008002ba4                forward_elu
                0x0000000008002c4a                forward_selu
                0x0000000008002c76                forward_prelu
                0x0000000008002ce4                forward_sign
                0x0000000008002d48                forward_clip
                0x0000000008002db8                forward_sigmoid
                0x0000000008002e18                forward_hard_sigmoid
                0x0000000008002ea4                forward_exp
                0x0000000008002ef0                forward_sqrt
                0x0000000008002f3c                forward_soft_plus
                0x0000000008002f94                forward_soft_sign
                0x0000000008002fec                forward_tanh
                0x0000000008003036                forward_sm
                0x000000000800306c                forward_hardmax
 *fill*         0x000000000800308e        0x2 
 .text          0x0000000008003090      0x8f0 ../Middlewares/ST/AI/Lib\NetworkRuntime400_CM4_GCC.a(ai_datatypes_format.o)
                0x0000000008003090                ai_array_fmt_name
                0x000000000800323a                ai_array_fmt_exported
                0x000000000800331e                ai_array_fmt_valid
                0x0000000008003404                ai_array_fmt_get_formats
                0x0000000008003414                ai_buffer_fmt_name
                0x00000000080034da                ai_buffer_fmt_valid
                0x0000000008003548                ai_buffer_fmt_get_formats
                0x0000000008003550                ai_array_to_buffer_fmt
                0x00000000080035fc                ai_buffer_to_array_fmt
                0x0000000008003700                ai_array_get_byte_size
                0x0000000008003756                ai_array_get_data_byte_size
                0x000000000800377e                ai_array_get_elems_from_size
 .text          0x0000000008003980      0x128 ../Middlewares/ST/AI/Lib\NetworkRuntime400_CM4_GCC.a(ai_math_helpers.o)
                0x0000000008003980                ai_math_dot_array
                0x00000000080039ac                ai_math_sqrt
                0x00000000080039c4                ai_math_exp
                0x00000000080039c8                ai_math_pow
                0x00000000080039cc                ai_math_tanh
                0x00000000080039d0                ai_math_relu
                0x00000000080039e0                ai_math_prelu
                0x00000000080039f0                ai_math_sigmoid
                0x0000000008003a10                ai_math_hard_sigmoid
                0x0000000008003a44                ai_math_sign
                0x0000000008003a70                ai_sum
                0x0000000008003a76                ai_sub
                0x0000000008003a7c                ai_mul
                0x0000000008003a82                ai_div
                0x0000000008003a88                ai_max
                0x0000000008003a98                ai_min
 .text          0x0000000008003aa8       0x9a c:/st/stm32cubeide_1.0.2/stm32cubeide/plugins/com.st.stm32cube.ide.mcu.externaltools.gnu-tools-for-stm32.7-2018-q2-update.win32_1.0.0.201904181610/tools/bin/../lib/gcc/arm-none-eabi/7.3.1/../../../../arm-none-eabi/lib/thumb/v7e-m/fpv4-sp/hard\libc_nano.a(lib_a-aeabi_memset-soft.o)
                0x0000000008003aa8                __aeabi_memset8
                0x0000000008003aa8                __aeabi_memset4
                0x0000000008003aa8                __aeabi_memset
 *fill*         0x0000000008003b42        0x2 
 .text          0x0000000008003b44      0x378 c:/st/stm32cubeide_1.0.2/stm32cubeide/plugins/com.st.stm32cube.ide.mcu.externaltools.gnu-tools-for-stm32.7-2018-q2-update.win32_1.0.0.201904181610/tools/bin/../lib/gcc/arm-none-eabi/7.3.1/thumb/v7e-m/fpv4-sp/hard\libgcc.a(_arm_addsubdf3.o)
                0x0000000008003b44                __aeabi_drsub
                0x0000000008003b4c                __aeabi_dsub
                0x0000000008003b4c                __subdf3
                0x0000000008003b50                __aeabi_dadd
                0x0000000008003b50                __adddf3
                0x0000000008003dc8                __floatunsidf
                0x0000000008003dc8                __aeabi_ui2d
                0x0000000008003de8                __floatsidf
                0x0000000008003de8                __aeabi_i2d
                0x0000000008003e0c                __aeabi_f2d
                0x0000000008003e0c                __extendsfdf2
                0x0000000008003e50                __floatundidf
                0x0000000008003e50                __aeabi_ul2d
                0x0000000008003e60                __floatdidf
                0x0000000008003e60                __aeabi_l2d
 .text          0x0000000008003ebc      0x110 c:/st/stm32cubeide_1.0.2/stm32cubeide/plugins/com.st.stm32cube.ide.mcu.externaltools.gnu-tools-for-stm32.7-2018-q2-update.win32_1.0.0.201904181610/tools/bin/../lib/gcc/arm-none-eabi/7.3.1/thumb/v7e-m/fpv4-sp/hard\libgcc.a(_arm_cmpdf2.o)
                0x0000000008003ebc                __gtdf2
                0x0000000008003ebc                __gedf2
                0x0000000008003ec4                __ltdf2
                0x0000000008003ec4                __ledf2
                0x0000000008003ecc                __nedf2
                0x0000000008003ecc                __eqdf2
                0x0000000008003ecc                __cmpdf2
                0x0000000008003f48                __aeabi_cdrcmple
                0x0000000008003f58                __aeabi_cdcmpeq
                0x0000000008003f58                __aeabi_cdcmple
                0x0000000008003f68                __aeabi_dcmpeq
                0x0000000008003f7c                __aeabi_dcmplt
                0x0000000008003f90                __aeabi_dcmple
                0x0000000008003fa4                __aeabi_dcmpge
                0x0000000008003fb8                __aeabi_dcmpgt
 .text          0x0000000008003fcc       0xa0 c:/st/stm32cubeide_1.0.2/stm32cubeide/plugins/com.st.stm32cube.ide.mcu.externaltools.gnu-tools-for-stm32.7-2018-q2-update.win32_1.0.0.201904181610/tools/bin/../lib/gcc/arm-none-eabi/7.3.1/thumb/v7e-m/fpv4-sp/hard\libgcc.a(_arm_truncdfsf2.o)
                0x0000000008003fcc                __truncdfsf2
                0x0000000008003fcc                __aeabi_d2f
 .text          0x000000000800406c       0x30 c:/st/stm32cubeide_1.0.2/stm32cubeide/plugins/com.st.stm32cube.ide.mcu.externaltools.gnu-tools-for-stm32.7-2018-q2-update.win32_1.0.0.201904181610/tools/bin/../lib/gcc/arm-none-eabi/7.3.1/thumb/v7e-m/fpv4-sp/hard\libgcc.a(_aeabi_uldivmod.o)
                0x000000000800406c                __aeabi_uldivmod
 .text          0x000000000800409c      0x2cc c:/st/stm32cubeide_1.0.2/stm32cubeide/plugins/com.st.stm32cube.ide.mcu.externaltools.gnu-tools-for-stm32.7-2018-q2-update.win32_1.0.0.201904181610/tools/bin/../lib/gcc/arm-none-eabi/7.3.1/thumb/v7e-m/fpv4-sp/hard\libgcc.a(_udivmoddi4.o)
                0x000000000800409c                __udivmoddi4
 .text          0x0000000008004368        0x4 c:/st/stm32cubeide_1.0.2/stm32cubeide/plugins/com.st.stm32cube.ide.mcu.externaltools.gnu-tools-for-stm32.7-2018-q2-update.win32_1.0.0.201904181610/tools/bin/../lib/gcc/arm-none-eabi/7.3.1/thumb/v7e-m/fpv4-sp/hard\libgcc.a(_dvmd_tls.o)
                0x0000000008004368                __aeabi_idiv0
                0x0000000008004368                __aeabi_ldiv0
 *(.text*)
 .text.arm_dot_prod_f32
                0x000000000800436c      0x104 Drivers/CMSIS/DSP/Source/BasicMathFunctions/arm_dot_prod_f32.o
                0x000000000800436c                arm_dot_prod_f32
 .text.arm_mat_init_f32
                0x0000000008004470       0x30 Drivers/CMSIS/DSP/Source/MatrixFunctions/arm_mat_init_f32.o
                0x0000000008004470                arm_mat_init_f32
 .text.HAL_Init
                0x00000000080044a0       0x44 Drivers/STM32F4xx_HAL_Driver/Src/stm32f4xx_hal.o
                0x00000000080044a0                HAL_Init
 .text.HAL_InitTick
                0x00000000080044e4       0x60 Drivers/STM32F4xx_HAL_Driver/Src/stm32f4xx_hal.o
                0x00000000080044e4                HAL_InitTick
 .text.HAL_IncTick
                0x0000000008004544       0x28 Drivers/STM32F4xx_HAL_Driver/Src/stm32f4xx_hal.o
                0x0000000008004544                HAL_IncTick
 .text.HAL_GetTick
                0x000000000800456c       0x18 Drivers/STM32F4xx_HAL_Driver/Src/stm32f4xx_hal.o
                0x000000000800456c                HAL_GetTick
 .text.HAL_Delay
                0x0000000008004584       0x44 Drivers/STM32F4xx_HAL_Driver/Src/stm32f4xx_hal.o
                0x0000000008004584                HAL_Delay
 .text.__NVIC_SetPriorityGrouping
                0x00000000080045c8       0x48 Drivers/STM32F4xx_HAL_Driver/Src/stm32f4xx_hal_cortex.o
 .text.__NVIC_GetPriorityGrouping
                0x0000000008004610       0x1c Drivers/STM32F4xx_HAL_Driver/Src/stm32f4xx_hal_cortex.o
 .text.__NVIC_SetPriority
                0x000000000800462c       0x54 Drivers/STM32F4xx_HAL_Driver/Src/stm32f4xx_hal_cortex.o
 .text.NVIC_EncodePriority
                0x0000000008004680       0x66 Drivers/STM32F4xx_HAL_Driver/Src/stm32f4xx_hal_cortex.o
 *fill*         0x00000000080046e6        0x2 
 .text.SysTick_Config
                0x00000000080046e8       0x44 Drivers/STM32F4xx_HAL_Driver/Src/stm32f4xx_hal_cortex.o
 .text.HAL_NVIC_SetPriorityGrouping
                0x000000000800472c       0x16 Drivers/STM32F4xx_HAL_Driver/Src/stm32f4xx_hal_cortex.o
                0x000000000800472c                HAL_NVIC_SetPriorityGrouping
 .text.HAL_NVIC_SetPriority
                0x0000000008004742       0x38 Drivers/STM32F4xx_HAL_Driver/Src/stm32f4xx_hal_cortex.o
                0x0000000008004742                HAL_NVIC_SetPriority
 .text.HAL_SYSTICK_Config
                0x000000000800477a       0x18 Drivers/STM32F4xx_HAL_Driver/Src/stm32f4xx_hal_cortex.o
                0x000000000800477a                HAL_SYSTICK_Config
 .text.HAL_CRC_Init
                0x0000000008004792       0x3e Drivers/STM32F4xx_HAL_Driver/Src/stm32f4xx_hal_crc.o
                0x0000000008004792                HAL_CRC_Init
 .text.HAL_DMA_Abort_IT
                0x00000000080047d0       0x44 Drivers/STM32F4xx_HAL_Driver/Src/stm32f4xx_hal_dma.o
                0x00000000080047d0                HAL_DMA_Abort_IT
 .text.HAL_GPIO_Init
                0x0000000008004814      0x334 Drivers/STM32F4xx_HAL_Driver/Src/stm32f4xx_hal_gpio.o
                0x0000000008004814                HAL_GPIO_Init
 .text.HAL_GPIO_ReadPin
                0x0000000008004b48       0x30 Drivers/STM32F4xx_HAL_Driver/Src/stm32f4xx_hal_gpio.o
                0x0000000008004b48                HAL_GPIO_ReadPin
 .text.HAL_GPIO_WritePin
                0x0000000008004b78       0x32 Drivers/STM32F4xx_HAL_Driver/Src/stm32f4xx_hal_gpio.o
                0x0000000008004b78                HAL_GPIO_WritePin
 *fill*         0x0000000008004baa        0x2 
 .text.HAL_RCC_OscConfig
                0x0000000008004bac      0x484 Drivers/STM32F4xx_HAL_Driver/Src/stm32f4xx_hal_rcc.o
                0x0000000008004bac                HAL_RCC_OscConfig
 .text.HAL_RCC_ClockConfig
                0x0000000008005030      0x1c4 Drivers/STM32F4xx_HAL_Driver/Src/stm32f4xx_hal_rcc.o
                0x0000000008005030                HAL_RCC_ClockConfig
 .text.HAL_RCC_MCOConfig
                0x00000000080051f4       0xd0 Drivers/STM32F4xx_HAL_Driver/Src/stm32f4xx_hal_rcc.o
                0x00000000080051f4                HAL_RCC_MCOConfig
 .text.HAL_RCC_GetSysClockFreq
                0x00000000080052c4      0x164 Drivers/STM32F4xx_HAL_Driver/Src/stm32f4xx_hal_rcc.o
                0x00000000080052c4                HAL_RCC_GetSysClockFreq
 .text.HAL_RCC_GetHCLKFreq
                0x0000000008005428       0x18 Drivers/STM32F4xx_HAL_Driver/Src/stm32f4xx_hal_rcc.o
                0x0000000008005428                HAL_RCC_GetHCLKFreq
 .text.HAL_RCC_GetPCLK1Freq
                0x0000000008005440       0x28 Drivers/STM32F4xx_HAL_Driver/Src/stm32f4xx_hal_rcc.o
                0x0000000008005440                HAL_RCC_GetPCLK1Freq
 .text.HAL_RCC_GetPCLK2Freq
                0x0000000008005468       0x28 Drivers/STM32F4xx_HAL_Driver/Src/stm32f4xx_hal_rcc.o
                0x0000000008005468                HAL_RCC_GetPCLK2Freq
 .text.HAL_SPI_Init
                0x0000000008005490       0xc8 Drivers/STM32F4xx_HAL_Driver/Src/stm32f4xx_hal_spi.o
                0x0000000008005490                HAL_SPI_Init
 .text.HAL_SPI_Transmit
                0x0000000008005558      0x268 Drivers/STM32F4xx_HAL_Driver/Src/stm32f4xx_hal_spi.o
                0x0000000008005558                HAL_SPI_Transmit
 .text.HAL_SPI_Receive
                0x00000000080057c0      0x212 Drivers/STM32F4xx_HAL_Driver/Src/stm32f4xx_hal_spi.o
                0x00000000080057c0                HAL_SPI_Receive
 .text.HAL_SPI_TransmitReceive
                0x00000000080059d2      0x344 Drivers/STM32F4xx_HAL_Driver/Src/stm32f4xx_hal_spi.o
                0x00000000080059d2                HAL_SPI_TransmitReceive
 .text.SPI_WaitFlagStateUntilTimeout
                0x0000000008005d16       0xd4 Drivers/STM32F4xx_HAL_Driver/Src/stm32f4xx_hal_spi.o
 .text.SPI_EndRxTransaction
                0x0000000008005dea       0xca Drivers/STM32F4xx_HAL_Driver/Src/stm32f4xx_hal_spi.o
 .text.SPI_EndRxTxTransaction
                0x0000000008005eb4       0x84 Drivers/STM32F4xx_HAL_Driver/Src/stm32f4xx_hal_spi.o
 .text.HAL_SRAM_Init
                0x0000000008005f38       0x88 Drivers/STM32F4xx_HAL_Driver/Src/stm32f4xx_hal_sram.o
                0x0000000008005f38                HAL_SRAM_Init
 .text.HAL_UART_Init
                0x0000000008005fc0       0x9a Drivers/STM32F4xx_HAL_Driver/Src/stm32f4xx_hal_uart.o
                0x0000000008005fc0                HAL_UART_Init
 *fill*         0x000000000800605a        0x2 
 .text.HAL_UART_IRQHandler
                0x000000000800605c      0x1f8 Drivers/STM32F4xx_HAL_Driver/Src/stm32f4xx_hal_uart.o
                0x000000000800605c                HAL_UART_IRQHandler
 .text.HAL_UART_TxCpltCallback
                0x0000000008006254       0x14 Drivers/STM32F4xx_HAL_Driver/Src/stm32f4xx_hal_uart.o
                0x0000000008006254                HAL_UART_TxCpltCallback
 .text.HAL_UART_RxCpltCallback
                0x0000000008006268       0x14 Drivers/STM32F4xx_HAL_Driver/Src/stm32f4xx_hal_uart.o
                0x0000000008006268                HAL_UART_RxCpltCallback
 .text.HAL_UART_ErrorCallback
                0x000000000800627c       0x14 Drivers/STM32F4xx_HAL_Driver/Src/stm32f4xx_hal_uart.o
                0x000000000800627c                HAL_UART_ErrorCallback
 .text.UART_EndRxTransfer
                0x0000000008006290       0x3c Drivers/STM32F4xx_HAL_Driver/Src/stm32f4xx_hal_uart.o
 .text.UART_DMAAbortOnError
                0x00000000080062cc       0x28 Drivers/STM32F4xx_HAL_Driver/Src/stm32f4xx_hal_uart.o
 .text.UART_Transmit_IT
                0x00000000080062f4       0xac Drivers/STM32F4xx_HAL_Driver/Src/stm32f4xx_hal_uart.o
 .text.UART_EndTransmit_IT
                0x00000000080063a0       0x30 Drivers/STM32F4xx_HAL_Driver/Src/stm32f4xx_hal_uart.o
 .text.UART_Receive_IT
                0x00000000080063d0      0x102 Drivers/STM32F4xx_HAL_Driver/Src/stm32f4xx_hal_uart.o
 *fill*         0x00000000080064d2        0x2 
 .text.UART_SetConfig
                0x00000000080064d4      0x414 Drivers/STM32F4xx_HAL_Driver/Src/stm32f4xx_hal_uart.o
 .text.FSMC_NORSRAM_Init
                0x00000000080068e8       0xa4 Drivers/STM32F4xx_HAL_Driver/Src/stm32f4xx_ll_fsmc.o
                0x00000000080068e8                FSMC_NORSRAM_Init
 .text.FSMC_NORSRAM_Timing_Init
                0x000000000800698c       0x7a Drivers/STM32F4xx_HAL_Driver/Src/stm32f4xx_ll_fsmc.o
                0x000000000800698c                FSMC_NORSRAM_Timing_Init
 *fill*         0x0000000008006a06        0x2 
 .text.FSMC_NORSRAM_Extended_Timing_Init
                0x0000000008006a08       0x80 Drivers/STM32F4xx_HAL_Driver/Src/stm32f4xx_ll_fsmc.o
                0x0000000008006a08                FSMC_NORSRAM_Extended_Timing_Init
 .text.aiInit   0x0000000008006a88       0xb4 Src/app_x-cube-ai.o
                0x0000000008006a88                aiInit
 .text.MX_X_CUBE_AI_Init
                0x0000000008006b3c       0x14 Src/app_x-cube-ai.o
                0x0000000008006b3c                MX_X_CUBE_AI_Init
 .text.handwritten_nn_configure_activations
                0x0000000008006b50       0xa4 Src/handwritten_nn.o
 .text.handwritten_nn_configure_weights
                0x0000000008006bf4      0x110 Src/handwritten_nn.o
 .text.ai_handwritten_nn_get_error
                0x0000000008006d04       0x18 Src/handwritten_nn.o
                0x0000000008006d04                ai_handwritten_nn_get_error
 .text.ai_handwritten_nn_create
                0x0000000008006d1c       0x2c Src/handwritten_nn.o
                0x0000000008006d1c                ai_handwritten_nn_create
 .text.ai_handwritten_nn_destroy
                0x0000000008006d48       0x18 Src/handwritten_nn.o
                0x0000000008006d48                ai_handwritten_nn_destroy
 .text.ai_handwritten_nn_init
                0x0000000008006d60       0x66 Src/handwritten_nn.o
                0x0000000008006d60                ai_handwritten_nn_init
 *fill*         0x0000000008006dc6        0x2 
 .text.ai_handwritten_nn_data_weights_get
                0x0000000008006dc8       0x14 Src/handwritten_nn_data.o
                0x0000000008006dc8                ai_handwritten_nn_data_weights_get
 .text.LCD_IO_Init
                0x0000000008006ddc        0xe Src/ili9325.o
                0x0000000008006ddc                LCD_IO_Init
 *fill*         0x0000000008006dea        0x2 
 .text.LCD_IO_WriteMultipleData
                0x0000000008006dec       0x44 Src/ili9325.o
                0x0000000008006dec                LCD_IO_WriteMultipleData
 .text.LCD_IO_WriteReg
                0x0000000008006e30       0x20 Src/ili9325.o
                0x0000000008006e30                LCD_IO_WriteReg
 .text.LCD_IO_ReadData
                0x0000000008006e50       0x18 Src/ili9325.o
                0x0000000008006e50                LCD_IO_ReadData
 .text.ili9325_Init
                0x0000000008006e68      0x1f2 Src/ili9325.o
                0x0000000008006e68                ili9325_Init
 .text.ili9325_DisplayOn
                0x000000000800705a       0x62 Src/ili9325.o
                0x000000000800705a                ili9325_DisplayOn
 .text.ili9325_DisplayOff
                0x00000000080070bc       0x38 Src/ili9325.o
                0x00000000080070bc                ili9325_DisplayOff
 .text.ili9325_GetLcdPixelWidth
                0x00000000080070f4       0x12 Src/ili9325.o
                0x00000000080070f4                ili9325_GetLcdPixelWidth
 .text.ili9325_GetLcdPixelHeight
                0x0000000008007106       0x10 Src/ili9325.o
                0x0000000008007106                ili9325_GetLcdPixelHeight
 .text.ili9325_ReadID
                0x0000000008007116       0x14 Src/ili9325.o
                0x0000000008007116                ili9325_ReadID
 .text.ili9325_SetCursor
                0x000000000800712a       0x32 Src/ili9325.o
                0x000000000800712a                ili9325_SetCursor
 .text.ili9325_WritePixel
                0x000000000800715c       0x36 Src/ili9325.o
                0x000000000800715c                ili9325_WritePixel
 .text.ili9325_ReadPixel
                0x0000000008007192       0x34 Src/ili9325.o
                0x0000000008007192                ili9325_ReadPixel
 .text.ili9325_WriteReg
                0x00000000080071c6       0x2a Src/ili9325.o
                0x00000000080071c6                ili9325_WriteReg
 .text.ili9325_ReadReg
                0x00000000080071f0       0x20 Src/ili9325.o
                0x00000000080071f0                ili9325_ReadReg
 .text.ili9325_SetDisplayWindow
                0x0000000008007210       0x6c Src/ili9325.o
                0x0000000008007210                ili9325_SetDisplayWindow
 .text.ili9325_DrawHLine
                0x000000000800727c       0x6c Src/ili9325.o
                0x000000000800727c                ili9325_DrawHLine
 .text.ili9325_DrawVLine
                0x00000000080072e8       0x80 Src/ili9325.o
                0x00000000080072e8                ili9325_DrawVLine
 .text.ili9325_DrawBitmap
                0x0000000008007368       0x9c Src/ili9325.o
                0x0000000008007368                ili9325_DrawBitmap
 .text.ili9325_DrawRGBImage
                0x0000000008007404       0x52 Src/ili9325.o
                0x0000000008007404                ili9325_DrawRGBImage
 *fill*         0x0000000008007456        0x2 
 .text.ili9325_Clear
                0x0000000008007458       0x3c Src/ili9325.o
                0x0000000008007458                ili9325_Clear
 .text.main     0x0000000008007494       0x50 Src/main.o
                0x0000000008007494                main
 .text.SystemClock_Config
                0x00000000080074e4       0xc4 Src/main.o
                0x00000000080074e4                SystemClock_Config
 .text.MX_CRC_Init
                0x00000000080075a8       0x28 Src/main.o
 .text.MX_SPI3_Init
                0x00000000080075d0       0x6c Src/main.o
 .text.MX_USART1_UART_Init
                0x000000000800763c       0x54 Src/main.o
 .text.MX_GPIO_Init
                0x0000000008007690      0x1fc Src/main.o
 .text.MX_FSMC_Init
                0x000000000800788c       0xc0 Src/main.o
 .text.Error_Handler
                0x000000000800794c        0xe Src/main.o
                0x000000000800794c                Error_Handler
 *fill*         0x000000000800795a        0x2 
 .text.BSP_LCD_Init
                0x000000000800795c       0x74 Src/stm32_lcd_bsp.o
                0x000000000800795c                BSP_LCD_Init
 .text.BSP_LCD_GetXSize
                0x00000000080079d0       0x18 Src/stm32_lcd_bsp.o
                0x00000000080079d0                BSP_LCD_GetXSize
 .text.BSP_LCD_GetYSize
                0x00000000080079e8       0x18 Src/stm32_lcd_bsp.o
                0x00000000080079e8                BSP_LCD_GetYSize
 .text.BSP_LCD_SetTextColor
                0x0000000008007a00       0x20 Src/stm32_lcd_bsp.o
                0x0000000008007a00                BSP_LCD_SetTextColor
 .text.BSP_LCD_SetFont
                0x0000000008007a20       0x20 Src/stm32_lcd_bsp.o
                0x0000000008007a20                BSP_LCD_SetFont
 .text.BSP_LCD_GetFont
                0x0000000008007a40       0x18 Src/stm32_lcd_bsp.o
                0x0000000008007a40                BSP_LCD_GetFont
 .text.BSP_LCD_Clear
                0x0000000008007a58       0x68 Src/stm32_lcd_bsp.o
                0x0000000008007a58                BSP_LCD_Clear
 .text.BSP_LCD_DisplayChar
                0x0000000008007ac0       0x54 Src/stm32_lcd_bsp.o
                0x0000000008007ac0                BSP_LCD_DisplayChar
 .text.BSP_LCD_DisplayStringAt
                0x0000000008007b14      0x114 Src/stm32_lcd_bsp.o
                0x0000000008007b14                BSP_LCD_DisplayStringAt
 .text.BSP_LCD_DisplayStringAtLine
                0x0000000008007c28       0x2e Src/stm32_lcd_bsp.o
                0x0000000008007c28                BSP_LCD_DisplayStringAtLine
 *fill*         0x0000000008007c56        0x2 
 .text.BSP_LCD_DrawHLine
                0x0000000008007c58       0x74 Src/stm32_lcd_bsp.o
                0x0000000008007c58                BSP_LCD_DrawHLine
 .text.BSP_LCD_DrawVLine
                0x0000000008007ccc       0x74 Src/stm32_lcd_bsp.o
                0x0000000008007ccc                BSP_LCD_DrawVLine
 .text.BSP_LCD_DrawBitmap
                0x0000000008007d40       0x98 Src/stm32_lcd_bsp.o
                0x0000000008007d40                BSP_LCD_DrawBitmap
 .text.BSP_LCD_DisplayOn
                0x0000000008007dd8       0x14 Src/stm32_lcd_bsp.o
                0x0000000008007dd8                BSP_LCD_DisplayOn
 .text.LCD_DrawPixel
                0x0000000008007dec       0x38 Src/stm32_lcd_bsp.o
 .text.LCD_DrawChar
                0x0000000008007e24      0x1e4 Src/stm32_lcd_bsp.o
 .text.LCD_SetDisplayWindow
                0x0000000008008008       0x44 Src/stm32_lcd_bsp.o
 .text.HAL_MspInit
                0x000000000800804c       0x50 Src/stm32f4xx_hal_msp.o
                0x000000000800804c                HAL_MspInit
 .text.HAL_CRC_MspInit
                0x000000000800809c       0x44 Src/stm32f4xx_hal_msp.o
                0x000000000800809c                HAL_CRC_MspInit
 .text.HAL_SPI_MspInit
                0x00000000080080e0       0xd0 Src/stm32f4xx_hal_msp.o
                0x00000000080080e0                HAL_SPI_MspInit
 .text.HAL_UART_MspInit
                0x00000000080081b0       0x90 Src/stm32f4xx_hal_msp.o
                0x00000000080081b0                HAL_UART_MspInit
 .text.HAL_FSMC_MspInit
                0x0000000008008240       0xbc Src/stm32f4xx_hal_msp.o
 .text.HAL_SRAM_MspInit
                0x00000000080082fc       0x14 Src/stm32f4xx_hal_msp.o
                0x00000000080082fc                HAL_SRAM_MspInit
 .text.NMI_Handler
                0x0000000008008310        0xe Src/stm32f4xx_it.o
                0x0000000008008310                NMI_Handler
 .text.HardFault_Handler
                0x000000000800831e        0x6 Src/stm32f4xx_it.o
                0x000000000800831e                HardFault_Handler
 .text.MemManage_Handler
                0x0000000008008324        0x6 Src/stm32f4xx_it.o
                0x0000000008008324                MemManage_Handler
 .text.BusFault_Handler
                0x000000000800832a        0x6 Src/stm32f4xx_it.o
                0x000000000800832a                BusFault_Handler
 .text.UsageFault_Handler
                0x0000000008008330        0x6 Src/stm32f4xx_it.o
                0x0000000008008330                UsageFault_Handler
 .text.SVC_Handler
                0x0000000008008336        0xe Src/stm32f4xx_it.o
                0x0000000008008336                SVC_Handler
 .text.DebugMon_Handler
                0x0000000008008344        0xe Src/stm32f4xx_it.o
                0x0000000008008344                DebugMon_Handler
 .text.PendSV_Handler
                0x0000000008008352        0xe Src/stm32f4xx_it.o
                0x0000000008008352                PendSV_Handler
 .text.SysTick_Handler
                0x0000000008008360        0xc Src/stm32f4xx_it.o
                0x0000000008008360                SysTick_Handler
 .text.USART1_IRQHandler
                0x000000000800836c       0x14 Src/stm32f4xx_it.o
                0x000000000800836c                USART1_IRQHandler
 .text.SystemInit
                0x0000000008008380       0x6c Src/system_stm32f4xx.o
                0x0000000008008380                SystemInit
 .text.DelayUS  0x00000000080083ec       0x26 Src/touch_panel.o
                0x00000000080083ec                DelayUS
 *fill*         0x0000000008008412        0x2 
 .text.WR_CMD   0x0000000008008414       0x24 Src/touch_panel.o
 .text.RD_AD    0x0000000008008438       0x38 Src/touch_panel.o
 .text.Read_X   0x0000000008008470       0x44 Src/touch_panel.o
                0x0000000008008470                Read_X
 .text.Read_Y   0x00000000080084b4       0x44 Src/touch_panel.o
                0x00000000080084b4                Read_Y
 .text.TP_GetAdXY
                0x00000000080084f8       0x30 Src/touch_panel.o
                0x00000000080084f8                TP_GetAdXY
 .text.DrawCross
                0x0000000008008528       0x58 Src/touch_panel.o
                0x0000000008008528                DrawCross
 .text.Read_Ads7846
                0x0000000008008580      0x27c Src/touch_panel.o
                0x0000000008008580                Read_Ads7846
 .text.setCalibrationMatrix
                0x00000000080087fc      0x31a Src/touch_panel.o
                0x00000000080087fc                setCalibrationMatrix
 *fill*         0x0000000008008b16        0x2 
 .text.TouchPanel_Calibrate
                0x0000000008008b18       0xbc Src/touch_panel.o
                0x0000000008008b18                TouchPanel_Calibrate
 .text.Reset_Handler
                0x0000000008008bd4       0x50 Startup/startup_stm32f407igtx.o
                0x0000000008008bd4                Reset_Handler
 .text.Default_Handler
                0x0000000008008c24        0x2 Startup/startup_stm32f407igtx.o
                0x0000000008008c24                RTC_Alarm_IRQHandler
                0x0000000008008c24                HASH_RNG_IRQHandler
                0x0000000008008c24                EXTI2_IRQHandler
                0x0000000008008c24                TIM8_CC_IRQHandler
                0x0000000008008c24                TIM1_CC_IRQHandler
                0x0000000008008c24                DMA2_Stream5_IRQHandler
                0x0000000008008c24                DMA1_Stream5_IRQHandler
                0x0000000008008c24                PVD_IRQHandler
                0x0000000008008c24                SDIO_IRQHandler
                0x0000000008008c24                TAMP_STAMP_IRQHandler
                0x0000000008008c24                CAN2_RX1_IRQHandler
                0x0000000008008c24                EXTI3_IRQHandler
                0x0000000008008c24                TIM8_TRG_COM_TIM14_IRQHandler
                0x0000000008008c24                TIM1_UP_TIM10_IRQHandler
                0x0000000008008c24                TIM8_UP_TIM13_IRQHandler
                0x0000000008008c24                I2C3_ER_IRQHandler
                0x0000000008008c24                EXTI0_IRQHandler
                0x0000000008008c24                I2C2_EV_IRQHandler
                0x0000000008008c24                DMA1_Stream2_IRQHandler
                0x0000000008008c24                CAN1_RX0_IRQHandler
                0x0000000008008c24                FPU_IRQHandler
                0x0000000008008c24                OTG_HS_WKUP_IRQHandler
                0x0000000008008c24                CAN2_SCE_IRQHandler
                0x0000000008008c24                DMA2_Stream2_IRQHandler
                0x0000000008008c24                SPI1_IRQHandler
                0x0000000008008c24                TIM6_DAC_IRQHandler
                0x0000000008008c24                TIM1_BRK_TIM9_IRQHandler
                0x0000000008008c24                DCMI_IRQHandler
                0x0000000008008c24                CAN2_RX0_IRQHandler
                0x0000000008008c24                DMA2_Stream3_IRQHandler
                0x0000000008008c24                USART6_IRQHandler
                0x0000000008008c24                USART3_IRQHandler
                0x0000000008008c24                CAN1_RX1_IRQHandler
                0x0000000008008c24                UART5_IRQHandler
                0x0000000008008c24                DMA2_Stream0_IRQHandler
                0x0000000008008c24                TIM4_IRQHandler
                0x0000000008008c24                I2C1_EV_IRQHandler
                0x0000000008008c24                DMA1_Stream6_IRQHandler
                0x0000000008008c24                DMA1_Stream1_IRQHandler
                0x0000000008008c24                UART4_IRQHandler
                0x0000000008008c24                TIM3_IRQHandler
                0x0000000008008c24                RCC_IRQHandler
                0x0000000008008c24                TIM8_BRK_TIM12_IRQHandler
                0x0000000008008c24                Default_Handler
                0x0000000008008c24                EXTI15_10_IRQHandler
                0x0000000008008c24                ADC_IRQHandler
                0x0000000008008c24                DMA1_Stream7_IRQHandler
                0x0000000008008c24                TIM7_IRQHandler
                0x0000000008008c24                CAN2_TX_IRQHandler
                0x0000000008008c24                TIM5_IRQHandler
                0x0000000008008c24                DMA2_Stream7_IRQHandler
                0x0000000008008c24                I2C3_EV_IRQHandler
                0x0000000008008c24                EXTI9_5_IRQHandler
                0x0000000008008c24                RTC_WKUP_IRQHandler
                0x0000000008008c24                ETH_WKUP_IRQHandler
                0x0000000008008c24                SPI2_IRQHandler
                0x0000000008008c24                OTG_HS_EP1_IN_IRQHandler
                0x0000000008008c24                DMA1_Stream0_IRQHandler
                0x0000000008008c24                CAN1_TX_IRQHandler
                0x0000000008008c24                EXTI4_IRQHandler
                0x0000000008008c24                FSMC_IRQHandler
                0x0000000008008c24                ETH_IRQHandler
                0x0000000008008c24                OTG_HS_EP1_OUT_IRQHandler
                0x0000000008008c24                WWDG_IRQHandler
                0x0000000008008c24                TIM2_IRQHandler
                0x0000000008008c24                OTG_FS_WKUP_IRQHandler
                0x0000000008008c24                TIM1_TRG_COM_TIM11_IRQHandler
                0x0000000008008c24                OTG_HS_IRQHandler
                0x0000000008008c24                EXTI1_IRQHandler
                0x0000000008008c24                USART2_IRQHandler
                0x0000000008008c24                I2C2_ER_IRQHandler
                0x0000000008008c24                DMA2_Stream1_IRQHandler
                0x0000000008008c24                CAN1_SCE_IRQHandler
                0x0000000008008c24                FLASH_IRQHandler
                0x0000000008008c24                DMA2_Stream4_IRQHandler
                0x0000000008008c24                OTG_FS_IRQHandler
                0x0000000008008c24                SPI3_IRQHandler
                0x0000000008008c24                DMA1_Stream4_IRQHandler
                0x0000000008008c24                I2C1_ER_IRQHandler
                0x0000000008008c24                DMA2_Stream6_IRQHandler
                0x0000000008008c24                DMA1_Stream3_IRQHandler
 .text.__aeabi_memclr
                0x0000000008008c26        0x6 c:/st/stm32cubeide_1.0.2/stm32cubeide/plugins/com.st.stm32cube.ide.mcu.externaltools.gnu-tools-for-stm32.7-2018-q2-update.win32_1.0.0.201904181610/tools/bin/../lib/gcc/arm-none-eabi/7.3.1/../../../../arm-none-eabi/lib/thumb/v7e-m/fpv4-sp/hard\libc_nano.a(lib_a-aeabi_memclr.o)
                0x0000000008008c26                __aeabi_memclr
                0x0000000008008c26                __aeabi_memclr4
                0x0000000008008c26                __aeabi_memclr8
 .text.__aeabi_memcpy
                0x0000000008008c2c        0x4 c:/st/stm32cubeide_1.0.2/stm32cubeide/plugins/com.st.stm32cube.ide.mcu.externaltools.gnu-tools-for-stm32.7-2018-q2-update.win32_1.0.0.201904181610/tools/bin/../lib/gcc/arm-none-eabi/7.3.1/../../../../arm-none-eabi/lib/thumb/v7e-m/fpv4-sp/hard\libc_nano.a(lib_a-aeabi_memcpy.o)
                0x0000000008008c2c                __aeabi_memcpy4
                0x0000000008008c2c                __aeabi_memcpy8
                0x0000000008008c2c                __aeabi_memcpy
 .text.__errno  0x0000000008008c30        0xc c:/st/stm32cubeide_1.0.2/stm32cubeide/plugins/com.st.stm32cube.ide.mcu.externaltools.gnu-tools-for-stm32.7-2018-q2-update.win32_1.0.0.201904181610/tools/bin/../lib/gcc/arm-none-eabi/7.3.1/../../../../arm-none-eabi/lib/thumb/v7e-m/fpv4-sp/hard\libc_nano.a(lib_a-errno.o)
                0x0000000008008c30                __errno
 .text.__libc_init_array
                0x0000000008008c3c       0x48 c:/st/stm32cubeide_1.0.2/stm32cubeide/plugins/com.st.stm32cube.ide.mcu.externaltools.gnu-tools-for-stm32.7-2018-q2-update.win32_1.0.0.201904181610/tools/bin/../lib/gcc/arm-none-eabi/7.3.1/../../../../arm-none-eabi/lib/thumb/v7e-m/fpv4-sp/hard\libc_nano.a(lib_a-init.o)
                0x0000000008008c3c                __libc_init_array
 .text.memcmp   0x0000000008008c84       0x1e c:/st/stm32cubeide_1.0.2/stm32cubeide/plugins/com.st.stm32cube.ide.mcu.externaltools.gnu-tools-for-stm32.7-2018-q2-update.win32_1.0.0.201904181610/tools/bin/../lib/gcc/arm-none-eabi/7.3.1/../../../../arm-none-eabi/lib/thumb/v7e-m/fpv4-sp/hard\libc_nano.a(lib_a-memcmp.o)
                0x0000000008008c84                memcmp
 .text.memcpy   0x0000000008008ca2       0x16 c:/st/stm32cubeide_1.0.2/stm32cubeide/plugins/com.st.stm32cube.ide.mcu.externaltools.gnu-tools-for-stm32.7-2018-q2-update.win32_1.0.0.201904181610/tools/bin/../lib/gcc/arm-none-eabi/7.3.1/../../../../arm-none-eabi/lib/thumb/v7e-m/fpv4-sp/hard\libc_nano.a(lib_a-memcpy-stub.o)
                0x0000000008008ca2                memcpy
 .text.memset   0x0000000008008cb8       0x10 c:/st/stm32cubeide_1.0.2/stm32cubeide/plugins/com.st.stm32cube.ide.mcu.externaltools.gnu-tools-for-stm32.7-2018-q2-update.win32_1.0.0.201904181610/tools/bin/../lib/gcc/arm-none-eabi/7.3.1/../../../../arm-none-eabi/lib/thumb/v7e-m/fpv4-sp/hard\libc_nano.a(lib_a-memset.o)
                0x0000000008008cb8                memset
 .text.tanhf    0x0000000008008cc8       0xa4 c:/st/stm32cubeide_1.0.2/stm32cubeide/plugins/com.st.stm32cube.ide.mcu.externaltools.gnu-tools-for-stm32.7-2018-q2-update.win32_1.0.0.201904181610/tools/bin/../lib/gcc/arm-none-eabi/7.3.1/../../../../arm-none-eabi/lib/thumb/v7e-m/fpv4-sp/hard\libm.a(lib_a-sf_tanh.o)
                0x0000000008008cc8                tanhf
 .text.expf     0x0000000008008d6c       0xf4 c:/st/stm32cubeide_1.0.2/stm32cubeide/plugins/com.st.stm32cube.ide.mcu.externaltools.gnu-tools-for-stm32.7-2018-q2-update.win32_1.0.0.201904181610/tools/bin/../lib/gcc/arm-none-eabi/7.3.1/../../../../arm-none-eabi/lib/thumb/v7e-m/fpv4-sp/hard\libm.a(lib_a-wf_exp.o)
                0x0000000008008d6c                expf
 .text.logf     0x0000000008008e60       0xec c:/st/stm32cubeide_1.0.2/stm32cubeide/plugins/com.st.stm32cube.ide.mcu.externaltools.gnu-tools-for-stm32.7-2018-q2-update.win32_1.0.0.201904181610/tools/bin/../lib/gcc/arm-none-eabi/7.3.1/../../../../arm-none-eabi/lib/thumb/v7e-m/fpv4-sp/hard\libm.a(lib_a-wf_log.o)
                0x0000000008008e60                logf
 .text.powf     0x0000000008008f4c      0x2c8 c:/st/stm32cubeide_1.0.2/stm32cubeide/plugins/com.st.stm32cube.ide.mcu.externaltools.gnu-tools-for-stm32.7-2018-q2-update.win32_1.0.0.201904181610/tools/bin/../lib/gcc/arm-none-eabi/7.3.1/../../../../arm-none-eabi/lib/thumb/v7e-m/fpv4-sp/hard\libm.a(lib_a-wf_pow.o)
                0x0000000008008f4c                powf
 .text.__ieee754_expf
                0x0000000008009214      0x1a8 c:/st/stm32cubeide_1.0.2/stm32cubeide/plugins/com.st.stm32cube.ide.mcu.externaltools.gnu-tools-for-stm32.7-2018-q2-update.win32_1.0.0.201904181610/tools/bin/../lib/gcc/arm-none-eabi/7.3.1/../../../../arm-none-eabi/lib/thumb/v7e-m/fpv4-sp/hard\libm.a(lib_a-ef_exp.o)
                0x0000000008009214                __ieee754_expf
 .text.__ieee754_logf
                0x00000000080093bc      0x1dc c:/st/stm32cubeide_1.0.2/stm32cubeide/plugins/com.st.stm32cube.ide.mcu.externaltools.gnu-tools-for-stm32.7-2018-q2-update.win32_1.0.0.201904181610/tools/bin/../lib/gcc/arm-none-eabi/7.3.1/../../../../arm-none-eabi/lib/thumb/v7e-m/fpv4-sp/hard\libm.a(lib_a-ef_log.o)
                0x00000000080093bc                __ieee754_logf
 .text.__ieee754_powf
                0x0000000008009598      0x580 c:/st/stm32cubeide_1.0.2/stm32cubeide/plugins/com.st.stm32cube.ide.mcu.externaltools.gnu-tools-for-stm32.7-2018-q2-update.win32_1.0.0.201904181610/tools/bin/../lib/gcc/arm-none-eabi/7.3.1/../../../../arm-none-eabi/lib/thumb/v7e-m/fpv4-sp/hard\libm.a(lib_a-ef_pow.o)
                0x0000000008009598                __ieee754_powf
 .text.__ieee754_sqrtf
                0x0000000008009b18        0x6 c:/st/stm32cubeide_1.0.2/stm32cubeide/plugins/com.st.stm32cube.ide.mcu.externaltools.gnu-tools-for-stm32.7-2018-q2-update.win32_1.0.0.201904181610/tools/bin/../lib/gcc/arm-none-eabi/7.3.1/../../../../arm-none-eabi/lib/thumb/v7e-m/fpv4-sp/hard\libm.a(lib_a-ef_sqrt.o)
                0x0000000008009b18                __ieee754_sqrtf
 .text.matherr  0x0000000008009b1e        0x4 c:/st/stm32cubeide_1.0.2/stm32cubeide/plugins/com.st.stm32cube.ide.mcu.externaltools.gnu-tools-for-stm32.7-2018-q2-update.win32_1.0.0.201904181610/tools/bin/../lib/gcc/arm-none-eabi/7.3.1/../../../../arm-none-eabi/lib/thumb/v7e-m/fpv4-sp/hard\libm.a(lib_a-s_matherr.o)
                0x0000000008009b1e                matherr
 *fill*         0x0000000008009b22        0x6 
 .text.nan      0x0000000008009b28       0x10 c:/st/stm32cubeide_1.0.2/stm32cubeide/plugins/com.st.stm32cube.ide.mcu.externaltools.gnu-tools-for-stm32.7-2018-q2-update.win32_1.0.0.201904181610/tools/bin/../lib/gcc/arm-none-eabi/7.3.1/../../../../arm-none-eabi/lib/thumb/v7e-m/fpv4-sp/hard\libm.a(lib_a-s_nan.o)
                0x0000000008009b28                nan
 .text.expm1f   0x0000000008009b38      0x258 c:/st/stm32cubeide_1.0.2/stm32cubeide/plugins/com.st.stm32cube.ide.mcu.externaltools.gnu-tools-for-stm32.7-2018-q2-update.win32_1.0.0.201904181610/tools/bin/../lib/gcc/arm-none-eabi/7.3.1/../../../../arm-none-eabi/lib/thumb/v7e-m/fpv4-sp/hard\libm.a(lib_a-sf_expm1.o)
                0x0000000008009b38                expm1f
 .text.fabsf    0x0000000008009d90        0xe c:/st/stm32cubeide_1.0.2/stm32cubeide/plugins/com.st.stm32cube.ide.mcu.externaltools.gnu-tools-for-stm32.7-2018-q2-update.win32_1.0.0.201904181610/tools/bin/../lib/gcc/arm-none-eabi/7.3.1/../../../../arm-none-eabi/lib/thumb/v7e-m/fpv4-sp/hard\libm.a(lib_a-sf_fabs.o)
                0x0000000008009d90                fabsf
 .text.finitef  0x0000000008009d9e       0x14 c:/st/stm32cubeide_1.0.2/stm32cubeide/plugins/com.st.stm32cube.ide.mcu.externaltools.gnu-tools-for-stm32.7-2018-q2-update.win32_1.0.0.201904181610/tools/bin/../lib/gcc/arm-none-eabi/7.3.1/../../../../arm-none-eabi/lib/thumb/v7e-m/fpv4-sp/hard\libm.a(lib_a-sf_finite.o)
                0x0000000008009d9e                finitef
 *fill*         0x0000000008009db2        0x2 
 .text.nanf     0x0000000008009db4        0xc c:/st/stm32cubeide_1.0.2/stm32cubeide/plugins/com.st.stm32cube.ide.mcu.externaltools.gnu-tools-for-stm32.7-2018-q2-update.win32_1.0.0.201904181610/tools/bin/../lib/gcc/arm-none-eabi/7.3.1/../../../../arm-none-eabi/lib/thumb/v7e-m/fpv4-sp/hard\libm.a(lib_a-sf_nan.o)
                0x0000000008009db4                nanf
 .text.rintf    0x0000000008009dc0       0xb4 c:/st/stm32cubeide_1.0.2/stm32cubeide/plugins/com.st.stm32cube.ide.mcu.externaltools.gnu-tools-for-stm32.7-2018-q2-update.win32_1.0.0.201904181610/tools/bin/../lib/gcc/arm-none-eabi/7.3.1/../../../../arm-none-eabi/lib/thumb/v7e-m/fpv4-sp/hard\libm.a(lib_a-sf_rint.o)
                0x0000000008009dc0                rintf
 .text.scalbnf  0x0000000008009e74       0xc0 c:/st/stm32cubeide_1.0.2/stm32cubeide/plugins/com.st.stm32cube.ide.mcu.externaltools.gnu-tools-for-stm32.7-2018-q2-update.win32_1.0.0.201904181610/tools/bin/../lib/gcc/arm-none-eabi/7.3.1/../../../../arm-none-eabi/lib/thumb/v7e-m/fpv4-sp/hard\libm.a(lib_a-sf_scalbn.o)
                0x0000000008009e74                scalbnf
 .text.copysignf
                0x0000000008009f34       0x18 c:/st/stm32cubeide_1.0.2/stm32cubeide/plugins/com.st.stm32cube.ide.mcu.externaltools.gnu-tools-for-stm32.7-2018-q2-update.win32_1.0.0.201904181610/tools/bin/../lib/gcc/arm-none-eabi/7.3.1/../../../../arm-none-eabi/lib/thumb/v7e-m/fpv4-sp/hard\libm.a(lib_a-sf_copysign.o)
                0x0000000008009f34                copysignf
 *(.glue_7)
 .glue_7        0x0000000008009f4c        0x0 linker stubs
 *(.glue_7t)
 .glue_7t       0x0000000008009f4c        0x0 linker stubs
 *(.eh_frame)
 .eh_frame      0x0000000008009f4c        0x0 c:/st/stm32cubeide_1.0.2/stm32cubeide/plugins/com.st.stm32cube.ide.mcu.externaltools.gnu-tools-for-stm32.7-2018-q2-update.win32_1.0.0.201904181610/tools/bin/../lib/gcc/arm-none-eabi/7.3.1/thumb/v7e-m/fpv4-sp/hard/crtbegin.o
 *(.init)
 .init          0x0000000008009f4c        0x4 c:/st/stm32cubeide_1.0.2/stm32cubeide/plugins/com.st.stm32cube.ide.mcu.externaltools.gnu-tools-for-stm32.7-2018-q2-update.win32_1.0.0.201904181610/tools/bin/../lib/gcc/arm-none-eabi/7.3.1/thumb/v7e-m/fpv4-sp/hard/crti.o
                0x0000000008009f4c                _init
 .init          0x0000000008009f50        0x8 c:/st/stm32cubeide_1.0.2/stm32cubeide/plugins/com.st.stm32cube.ide.mcu.externaltools.gnu-tools-for-stm32.7-2018-q2-update.win32_1.0.0.201904181610/tools/bin/../lib/gcc/arm-none-eabi/7.3.1/thumb/v7e-m/fpv4-sp/hard/crtn.o
 *(.fini)
 .fini          0x0000000008009f58        0x4 c:/st/stm32cubeide_1.0.2/stm32cubeide/plugins/com.st.stm32cube.ide.mcu.externaltools.gnu-tools-for-stm32.7-2018-q2-update.win32_1.0.0.201904181610/tools/bin/../lib/gcc/arm-none-eabi/7.3.1/thumb/v7e-m/fpv4-sp/hard/crti.o
                0x0000000008009f58                _fini
 .fini          0x0000000008009f5c        0x8 c:/st/stm32cubeide_1.0.2/stm32cubeide/plugins/com.st.stm32cube.ide.mcu.externaltools.gnu-tools-for-stm32.7-2018-q2-update.win32_1.0.0.201904181610/tools/bin/../lib/gcc/arm-none-eabi/7.3.1/thumb/v7e-m/fpv4-sp/hard/crtn.o
                0x0000000008009f64                . = ALIGN (0x4)
                0x0000000008009f64                _etext = .

.vfp11_veneer   0x0000000008009f64        0x0
 .vfp11_veneer  0x0000000008009f64        0x0 linker stubs

.v4_bx          0x0000000008009f64        0x0
 .v4_bx         0x0000000008009f64        0x0 linker stubs

.iplt           0x0000000008009f64        0x0
 .iplt          0x0000000008009f64        0x0 c:/st/stm32cubeide_1.0.2/stm32cubeide/plugins/com.st.stm32cube.ide.mcu.externaltools.gnu-tools-for-stm32.7-2018-q2-update.win32_1.0.0.201904181610/tools/bin/../lib/gcc/arm-none-eabi/7.3.1/thumb/v7e-m/fpv4-sp/hard/crtbegin.o

.rodata         0x0000000008009f64    0xe7ac0
                0x0000000008009f64                . = ALIGN (0x4)
 *(.rodata)
 .rodata        0x0000000008009f64       0x39 Src/touch_panel.o
 *fill*         0x0000000008009f9d        0x3 
 .rodata        0x0000000008009fa0       0x70 ../Middlewares/ST/AI/Lib\NetworkRuntime400_CM4_GCC.a(ai_datatypes_format.o)
 .rodata        0x000000000800a010       0x30 ../Middlewares/ST/AI/Lib\NetworkRuntime400_CM4_GCC.a(ai_datatypes_format.o)
 *(.rodata*)
 .rodata.dense_chain
                0x000000000800a040        0x8 Src/handwritten_nn.o
 .rodata.dense_nl_chain
                0x000000000800a048        0x8 Src/handwritten_nn.o
 .rodata.dense_1_chain
                0x000000000800a050        0x8 Src/handwritten_nn.o
 .rodata.dense_1_nl_chain
                0x000000000800a058        0x8 Src/handwritten_nn.o
 .rodata.dense_2_chain
                0x000000000800a060        0x8 Src/handwritten_nn.o
 .rodata.dense_2_nl_chain
                0x000000000800a068        0x8 Src/handwritten_nn.o
 .rodata.s_handwritten_nn_weights.5546
                0x000000000800a070    0xe5a28 Src/handwritten_nn_data.o
 .rodata.Font24_Table
                0x00000000080efa98     0x1ab8 Src/stm32_lcd_bsp.o
                0x00000000080efa98                Font24_Table
 .rodata.Font12_Table
                0x00000000080f1550      0x474 Src/stm32_lcd_bsp.o
                0x00000000080f1550                Font12_Table
 .rodata.AHBPrescTable
                0x00000000080f19c4       0x10 Src/system_stm32f4xx.o
                0x00000000080f19c4                AHBPrescTable
 .rodata.APBPrescTable
                0x00000000080f19d4        0x8 Src/system_stm32f4xx.o
                0x00000000080f19d4                APBPrescTable
 .rodata.expf.str1.1
                0x00000000080f19dc        0x5 c:/st/stm32cubeide_1.0.2/stm32cubeide/plugins/com.st.stm32cube.ide.mcu.externaltools.gnu-tools-for-stm32.7-2018-q2-update.win32_1.0.0.201904181610/tools/bin/../lib/gcc/arm-none-eabi/7.3.1/../../../../arm-none-eabi/lib/thumb/v7e-m/fpv4-sp/hard\libm.a(lib_a-wf_exp.o)
 .rodata.logf.str1.1
                0x00000000080f19e1        0x5 c:/st/stm32cubeide_1.0.2/stm32cubeide/plugins/com.st.stm32cube.ide.mcu.externaltools.gnu-tools-for-stm32.7-2018-q2-update.win32_1.0.0.201904181610/tools/bin/../lib/gcc/arm-none-eabi/7.3.1/../../../../arm-none-eabi/lib/thumb/v7e-m/fpv4-sp/hard\libm.a(lib_a-wf_log.o)
                                          0x6 (size before relaxing)
 .rodata.powf.str1.1
                0x00000000080f19e6        0x5 c:/st/stm32cubeide_1.0.2/stm32cubeide/plugins/com.st.stm32cube.ide.mcu.externaltools.gnu-tools-for-stm32.7-2018-q2-update.win32_1.0.0.201904181610/tools/bin/../lib/gcc/arm-none-eabi/7.3.1/../../../../arm-none-eabi/lib/thumb/v7e-m/fpv4-sp/hard\libm.a(lib_a-wf_pow.o)
 *fill*         0x00000000080f19eb        0x1 
 .rodata.halF   0x00000000080f19ec        0x8 c:/st/stm32cubeide_1.0.2/stm32cubeide/plugins/com.st.stm32cube.ide.mcu.externaltools.gnu-tools-for-stm32.7-2018-q2-update.win32_1.0.0.201904181610/tools/bin/../lib/gcc/arm-none-eabi/7.3.1/../../../../arm-none-eabi/lib/thumb/v7e-m/fpv4-sp/hard\libm.a(lib_a-ef_exp.o)
 .rodata.ln2HI  0x00000000080f19f4        0x8 c:/st/stm32cubeide_1.0.2/stm32cubeide/plugins/com.st.stm32cube.ide.mcu.externaltools.gnu-tools-for-stm32.7-2018-q2-update.win32_1.0.0.201904181610/tools/bin/../lib/gcc/arm-none-eabi/7.3.1/../../../../arm-none-eabi/lib/thumb/v7e-m/fpv4-sp/hard\libm.a(lib_a-ef_exp.o)
 .rodata.ln2LO  0x00000000080f19fc        0x8 c:/st/stm32cubeide_1.0.2/stm32cubeide/plugins/com.st.stm32cube.ide.mcu.externaltools.gnu-tools-for-stm32.7-2018-q2-update.win32_1.0.0.201904181610/tools/bin/../lib/gcc/arm-none-eabi/7.3.1/../../../../arm-none-eabi/lib/thumb/v7e-m/fpv4-sp/hard\libm.a(lib_a-ef_exp.o)
 .rodata.__ieee754_powf.str1.1
                0x00000000080f1a04        0x1 c:/st/stm32cubeide_1.0.2/stm32cubeide/plugins/com.st.stm32cube.ide.mcu.externaltools.gnu-tools-for-stm32.7-2018-q2-update.win32_1.0.0.201904181610/tools/bin/../lib/gcc/arm-none-eabi/7.3.1/../../../../arm-none-eabi/lib/thumb/v7e-m/fpv4-sp/hard\libm.a(lib_a-ef_pow.o)
 .rodata.bp     0x00000000080f1a04        0x8 c:/st/stm32cubeide_1.0.2/stm32cubeide/plugins/com.st.stm32cube.ide.mcu.externaltools.gnu-tools-for-stm32.7-2018-q2-update.win32_1.0.0.201904181610/tools/bin/../lib/gcc/arm-none-eabi/7.3.1/../../../../arm-none-eabi/lib/thumb/v7e-m/fpv4-sp/hard\libm.a(lib_a-ef_pow.o)
 .rodata.dp_h   0x00000000080f1a0c        0x8 c:/st/stm32cubeide_1.0.2/stm32cubeide/plugins/com.st.stm32cube.ide.mcu.externaltools.gnu-tools-for-stm32.7-2018-q2-update.win32_1.0.0.201904181610/tools/bin/../lib/gcc/arm-none-eabi/7.3.1/../../../../arm-none-eabi/lib/thumb/v7e-m/fpv4-sp/hard\libm.a(lib_a-ef_pow.o)
 .rodata.dp_l   0x00000000080f1a14        0x8 c:/st/stm32cubeide_1.0.2/stm32cubeide/plugins/com.st.stm32cube.ide.mcu.externaltools.gnu-tools-for-stm32.7-2018-q2-update.win32_1.0.0.201904181610/tools/bin/../lib/gcc/arm-none-eabi/7.3.1/../../../../arm-none-eabi/lib/thumb/v7e-m/fpv4-sp/hard\libm.a(lib_a-ef_pow.o)
 .rodata.TWO23  0x00000000080f1a1c        0x8 c:/st/stm32cubeide_1.0.2/stm32cubeide/plugins/com.st.stm32cube.ide.mcu.externaltools.gnu-tools-for-stm32.7-2018-q2-update.win32_1.0.0.201904181610/tools/bin/../lib/gcc/arm-none-eabi/7.3.1/../../../../arm-none-eabi/lib/thumb/v7e-m/fpv4-sp/hard\libm.a(lib_a-sf_rint.o)
                0x00000000080f1a24                . = ALIGN (0x4)

.ARM.extab      0x00000000080f1a24        0x0
                0x00000000080f1a24                . = ALIGN (0x4)
 *(.ARM.extab* .gnu.linkonce.armextab.*)
                0x00000000080f1a24                . = ALIGN (0x4)

.ARM            0x00000000080f1a24        0x8
                0x00000000080f1a24                . = ALIGN (0x4)
                0x00000000080f1a24                __exidx_start = .
 *(.ARM.exidx*)
 .ARM.exidx     0x00000000080f1a24        0x8 c:/st/stm32cubeide_1.0.2/stm32cubeide/plugins/com.st.stm32cube.ide.mcu.externaltools.gnu-tools-for-stm32.7-2018-q2-update.win32_1.0.0.201904181610/tools/bin/../lib/gcc/arm-none-eabi/7.3.1/thumb/v7e-m/fpv4-sp/hard\libgcc.a(_udivmoddi4.o)
                0x00000000080f1a2c                __exidx_end = .
                0x00000000080f1a2c                . = ALIGN (0x4)

.rel.dyn        0x00000000080f1a2c        0x0
 .rel.iplt      0x00000000080f1a2c        0x0 c:/st/stm32cubeide_1.0.2/stm32cubeide/plugins/com.st.stm32cube.ide.mcu.externaltools.gnu-tools-for-stm32.7-2018-q2-update.win32_1.0.0.201904181610/tools/bin/../lib/gcc/arm-none-eabi/7.3.1/thumb/v7e-m/fpv4-sp/hard/crtbegin.o

.preinit_array  0x00000000080f1a2c        0x0
                0x00000000080f1a2c                . = ALIGN (0x4)
                0x00000000080f1a2c                PROVIDE (__preinit_array_start = .)
 *(.preinit_array*)
                0x00000000080f1a2c                PROVIDE (__preinit_array_end = .)
                0x00000000080f1a2c                . = ALIGN (0x4)

.init_array     0x00000000080f1a2c        0x4
                0x00000000080f1a2c                . = ALIGN (0x4)
                0x00000000080f1a2c                PROVIDE (__init_array_start = .)
 *(SORT_BY_NAME(.init_array.*))
 *(.init_array*)
 .init_array    0x00000000080f1a2c        0x4 c:/st/stm32cubeide_1.0.2/stm32cubeide/plugins/com.st.stm32cube.ide.mcu.externaltools.gnu-tools-for-stm32.7-2018-q2-update.win32_1.0.0.201904181610/tools/bin/../lib/gcc/arm-none-eabi/7.3.1/thumb/v7e-m/fpv4-sp/hard/crtbegin.o
                0x00000000080f1a30                PROVIDE (__init_array_end = .)
                0x00000000080f1a30                . = ALIGN (0x4)

.fini_array     0x00000000080f1a30        0x4
                0x00000000080f1a30                . = ALIGN (0x4)
                [!provide]                        PROVIDE (__fini_array_start = .)
 *(SORT_BY_NAME(.fini_array.*))
 *(.fini_array*)
 .fini_array    0x00000000080f1a30        0x4 c:/st/stm32cubeide_1.0.2/stm32cubeide/plugins/com.st.stm32cube.ide.mcu.externaltools.gnu-tools-for-stm32.7-2018-q2-update.win32_1.0.0.201904181610/tools/bin/../lib/gcc/arm-none-eabi/7.3.1/thumb/v7e-m/fpv4-sp/hard/crtbegin.o
                [!provide]                        PROVIDE (__fini_array_end = .)
                0x00000000080f1a34                . = ALIGN (0x4)
                0x00000000080f1a34                _sidata = LOADADDR (.data)

.data           0x0000000020000000      0x618 load address 0x00000000080f1a34
                0x0000000020000000                . = ALIGN (0x4)
                0x0000000020000000                _sdata = .
 *(.data)
 *(.data*)
 .data.uwTickPrio
                0x0000000020000000        0x4 Drivers/STM32F4xx_HAL_Driver/Src/stm32f4xx_hal.o
                0x0000000020000000                uwTickPrio
 .data.uwTickFreq
                0x0000000020000004        0x1 Drivers/STM32F4xx_HAL_Driver/Src/stm32f4xx_hal.o
                0x0000000020000004                uwTickFreq
 *fill*         0x0000000020000005        0x3 
 .data.g_handwritten_nn
                0x0000000020000008       0x50 Src/handwritten_nn.o
 .data.dense_2_bias_array
                0x0000000020000058       0x10 Src/handwritten_nn.o
 .data.dense_2_weights_array
                0x0000000020000068       0x10 Src/handwritten_nn.o
 .data.dense_1_bias_array
                0x0000000020000078       0x10 Src/handwritten_nn.o
 .data.dense_1_weights_array
                0x0000000020000088       0x10 Src/handwritten_nn.o
 .data.dense_bias_array
                0x0000000020000098       0x10 Src/handwritten_nn.o
 .data.dense_weights_array
                0x00000000200000a8       0x10 Src/handwritten_nn.o
 .data.input_0_output_array
                0x00000000200000b8       0x10 Src/handwritten_nn.o
 .data.dense_output_array
                0x00000000200000c8       0x10 Src/handwritten_nn.o
 .data.dense_nl_output_array
                0x00000000200000d8       0x10 Src/handwritten_nn.o
 .data.dense_1_output_array
                0x00000000200000e8       0x10 Src/handwritten_nn.o
 .data.dense_1_nl_output_array
                0x00000000200000f8       0x10 Src/handwritten_nn.o
 .data.dense_2_output_array
                0x0000000020000108       0x10 Src/handwritten_nn.o
 .data.dense_2_nl_output_array
                0x0000000020000118       0x10 Src/handwritten_nn.o
 .data.dense_2_bias
                0x0000000020000128       0x24 Src/handwritten_nn.o
 .data.dense_2_weights
                0x000000002000014c       0x24 Src/handwritten_nn.o
 .data.dense_1_bias
                0x0000000020000170       0x24 Src/handwritten_nn.o
 .data.dense_1_weights
                0x0000000020000194       0x24 Src/handwritten_nn.o
 .data.dense_bias
                0x00000000200001b8       0x24 Src/handwritten_nn.o
 .data.dense_weights
                0x00000000200001dc       0x24 Src/handwritten_nn.o
 .data.input_0_output
                0x0000000020000200       0x24 Src/handwritten_nn.o
 .data.input_0_output0
                0x0000000020000224       0x24 Src/handwritten_nn.o
 .data.dense_output
                0x0000000020000248       0x24 Src/handwritten_nn.o
 .data.dense_nl_output
                0x000000002000026c       0x24 Src/handwritten_nn.o
 .data.dense_1_output
                0x0000000020000290       0x24 Src/handwritten_nn.o
 .data.dense_1_nl_output
                0x00000000200002b4       0x24 Src/handwritten_nn.o
 .data.dense_2_output
                0x00000000200002d8       0x24 Src/handwritten_nn.o
 .data.dense_2_nl_output
                0x00000000200002fc       0x24 Src/handwritten_nn.o
 .data.dense_layer
                0x0000000020000320       0x18 Src/handwritten_nn.o
 .data.dense_nl_layer
                0x0000000020000338       0x1c Src/handwritten_nn.o
 .data.dense_1_layer
                0x0000000020000354       0x18 Src/handwritten_nn.o
 .data.dense_1_nl_layer
                0x000000002000036c       0x1c Src/handwritten_nn.o
 .data.dense_2_layer
                0x0000000020000388       0x18 Src/handwritten_nn.o
 .data.dense_2_nl_layer
                0x00000000200003a0       0x1c Src/handwritten_nn.o
 .data.__compound_literal.0
                0x00000000200003bc        0x4 Src/handwritten_nn.o
 .data.__compound_literal.1
                0x00000000200003c0        0x4 Src/handwritten_nn.o
 .data.__compound_literal.2
                0x00000000200003c4        0x8 Src/handwritten_nn.o
 .data.__compound_literal.4
                0x00000000200003cc       0x30 Src/handwritten_nn.o
 .data.__compound_literal.5
                0x00000000200003fc        0x4 Src/handwritten_nn.o
 .data.__compound_literal.6
                0x0000000020000400        0x4 Src/handwritten_nn.o
 .data.__compound_literal.9
                0x0000000020000404       0x30 Src/handwritten_nn.o
 .data.__compound_literal.10
                0x0000000020000434        0x4 Src/handwritten_nn.o
 .data.__compound_literal.11
                0x0000000020000438        0x4 Src/handwritten_nn.o
 .data.__compound_literal.12
                0x000000002000043c        0x8 Src/handwritten_nn.o
 .data.__compound_literal.14
                0x0000000020000444       0x30 Src/handwritten_nn.o
 .data.__compound_literal.15
                0x0000000020000474        0x4 Src/handwritten_nn.o
 .data.__compound_literal.16
                0x0000000020000478        0x4 Src/handwritten_nn.o
 .data.__compound_literal.19
                0x000000002000047c       0x30 Src/handwritten_nn.o
 .data.__compound_literal.20
                0x00000000200004ac        0x4 Src/handwritten_nn.o
 .data.__compound_literal.21
                0x00000000200004b0        0x4 Src/handwritten_nn.o
 .data.__compound_literal.22
                0x00000000200004b4        0x8 Src/handwritten_nn.o
 .data.__compound_literal.24
                0x00000000200004bc       0x30 Src/handwritten_nn.o
 .data.__compound_literal.25
                0x00000000200004ec        0x4 Src/handwritten_nn.o
 .data.__compound_literal.26
                0x00000000200004f0        0x4 Src/handwritten_nn.o
 .data.__compound_literal.29
                0x00000000200004f4       0x30 Src/handwritten_nn.o
 .data.__compound_literal.30
                0x0000000020000524        0x4 Src/handwritten_nn.o
 .data.__compound_literal.33
                0x0000000020000528        0x8 Src/handwritten_nn.o
 .data.__compound_literal.34
                0x0000000020000530        0x4 Src/handwritten_nn.o
 .data.__compound_literal.37
                0x0000000020000534        0x8 Src/handwritten_nn.o
 .data.__compound_literal.38
                0x000000002000053c       0x18 Src/handwritten_nn.o
 .data.ili9325_drv
                0x0000000020000554       0x3c Src/ili9325.o
                0x0000000020000554                ili9325_drv
 .data.Font24   0x0000000020000590        0x8 Src/stm32_lcd_bsp.o
                0x0000000020000590                Font24
 .data.Font12   0x0000000020000598        0x8 Src/stm32_lcd_bsp.o
                0x0000000020000598                Font12
 .data.SystemCoreClock
                0x00000000200005a0        0x4 Src/system_stm32f4xx.o
                0x00000000200005a0                SystemCoreClock
 .data.DisplaySample
                0x00000000200005a4        0xc Src/touch_panel.o
                0x00000000200005a4                DisplaySample
 .data._impure_ptr
                0x00000000200005b0        0x4 c:/st/stm32cubeide_1.0.2/stm32cubeide/plugins/com.st.stm32cube.ide.mcu.externaltools.gnu-tools-for-stm32.7-2018-q2-update.win32_1.0.0.201904181610/tools/bin/../lib/gcc/arm-none-eabi/7.3.1/../../../../arm-none-eabi/lib/thumb/v7e-m/fpv4-sp/hard\libc_nano.a(lib_a-impure.o)
                0x00000000200005b0                _impure_ptr
 .data.impure_data
                0x00000000200005b4       0x60 c:/st/stm32cubeide_1.0.2/stm32cubeide/plugins/com.st.stm32cube.ide.mcu.externaltools.gnu-tools-for-stm32.7-2018-q2-update.win32_1.0.0.201904181610/tools/bin/../lib/gcc/arm-none-eabi/7.3.1/../../../../arm-none-eabi/lib/thumb/v7e-m/fpv4-sp/hard\libc_nano.a(lib_a-impure.o)
 .data.__fdlib_version
                0x0000000020000614        0x1 c:/st/stm32cubeide_1.0.2/stm32cubeide/plugins/com.st.stm32cube.ide.mcu.externaltools.gnu-tools-for-stm32.7-2018-q2-update.win32_1.0.0.201904181610/tools/bin/../lib/gcc/arm-none-eabi/7.3.1/../../../../arm-none-eabi/lib/thumb/v7e-m/fpv4-sp/hard\libm.a(lib_a-s_lib_ver.o)
                0x0000000020000614                __fdlib_version
                0x0000000020000618                . = ALIGN (0x4)
 *fill*         0x0000000020000615        0x3 
                0x0000000020000618                _edata = .

.igot.plt       0x0000000020000618        0x0 load address 0x00000000080f204c
 .igot.plt      0x0000000020000618        0x0 c:/st/stm32cubeide_1.0.2/stm32cubeide/plugins/com.st.stm32cube.ide.mcu.externaltools.gnu-tools-for-stm32.7-2018-q2-update.win32_1.0.0.201904181610/tools/bin/../lib/gcc/arm-none-eabi/7.3.1/thumb/v7e-m/fpv4-sp/hard/crtbegin.o
                0x0000000020000618                . = ALIGN (0x4)

.bss            0x0000000020000618      0xdc8 load address 0x00000000080f204c
                0x0000000020000618                _sbss = .
                0x0000000020000618                __bss_start__ = _sbss
 *(.bss)
 .bss           0x0000000020000618       0x1c c:/st/stm32cubeide_1.0.2/stm32cubeide/plugins/com.st.stm32cube.ide.mcu.externaltools.gnu-tools-for-stm32.7-2018-q2-update.win32_1.0.0.201904181610/tools/bin/../lib/gcc/arm-none-eabi/7.3.1/thumb/v7e-m/fpv4-sp/hard/crtbegin.o
 *(.bss*)
 .bss.handwritten_nn
                0x0000000020000634        0x4 Src/app_x-cube-ai.o
 .bss.activations.8816
                0x0000000020000638      0x600 Src/app_x-cube-ai.o
 .bss.__compound_literal.3
                0x0000000020000c38        0x4 Src/handwritten_nn.o
 .bss.__compound_literal.7
                0x0000000020000c3c        0x4 Src/handwritten_nn.o
 .bss.__compound_literal.8
                0x0000000020000c40        0x4 Src/handwritten_nn.o
 .bss.__compound_literal.13
                0x0000000020000c44        0x4 Src/handwritten_nn.o
 .bss.__compound_literal.17
                0x0000000020000c48        0x4 Src/handwritten_nn.o
 .bss.__compound_literal.18
                0x0000000020000c4c        0x4 Src/handwritten_nn.o
 .bss.__compound_literal.23
                0x0000000020000c50        0x4 Src/handwritten_nn.o
 .bss.__compound_literal.27
                0x0000000020000c54        0x4 Src/handwritten_nn.o
 .bss.__compound_literal.28
                0x0000000020000c58        0x4 Src/handwritten_nn.o
 .bss.__compound_literal.31
                0x0000000020000c5c       0x14 Src/handwritten_nn.o
 .bss.__compound_literal.32
                0x0000000020000c70       0x10 Src/handwritten_nn.o
 .bss.__compound_literal.35
                0x0000000020000c80       0x14 Src/handwritten_nn.o
 .bss.__compound_literal.36
                0x0000000020000c94       0x10 Src/handwritten_nn.o
 .bss.ArrayRGB  0x0000000020000ca4      0x280 Src/ili9325.o
 .bss.lcd_drv   0x0000000020000f24        0x4 Src/stm32_lcd_bsp.o
 .bss.bitmap    0x0000000020000f28      0x366 Src/stm32_lcd_bsp.o
 *fill*         0x000000002000128e        0x2 
 .bss.FSMC_Initialized
                0x0000000020001290        0x4 Src/stm32f4xx_hal_msp.o
 .bss.screen.8165
                0x0000000020001294        0x4 Src/touch_panel.o
 *(COMMON)
 COMMON         0x0000000020001298        0x4 Drivers/STM32F4xx_HAL_Driver/Src/stm32f4xx_hal.o
                0x0000000020001298                uwTick
 COMMON         0x000000002000129c       0xf0 Src/main.o
                0x000000002000129c                hcrc
                0x00000000200012a4                hsram1
                0x00000000200012f4                hspi3
                0x000000002000134c                huart1
 COMMON         0x000000002000138c        0xc Src/stm32_lcd_bsp.o
                0x000000002000138c                DrawProp
 COMMON         0x0000000020001398       0x48 Src/touch_panel.o
                0x0000000020001398                display
                0x000000002000139c                ScreenSample
                0x00000000200013a8                matrix
                0x00000000200013e0                . = ALIGN (0x4)
                0x00000000200013e0                _ebss = .
                0x00000000200013e0                __bss_end__ = _ebss

._user_heap_stack
                0x00000000200013e0      0x600 load address 0x00000000080f204c
                0x00000000200013e0                . = ALIGN (0x8)
                0x00000000200013e0                PROVIDE (end = .)
                [!provide]                        PROVIDE (_end = .)
                0x00000000200015e0                . = (. + _Min_Heap_Size)
 *fill*         0x00000000200013e0      0x200 
                0x00000000200019e0                . = (. + _Min_Stack_Size)
 *fill*         0x00000000200015e0      0x400 
                0x00000000200019e0                . = ALIGN (0x8)

/DISCARD/
 libc.a(*)
 libm.a(*)
 libgcc.a(*)

.ARM.attributes
                0x0000000000000000       0x34
 *(.ARM.attributes)
 .ARM.attributes
                0x0000000000000000       0x22 c:/st/stm32cubeide_1.0.2/stm32cubeide/plugins/com.st.stm32cube.ide.mcu.externaltools.gnu-tools-for-stm32.7-2018-q2-update.win32_1.0.0.201904181610/tools/bin/../lib/gcc/arm-none-eabi/7.3.1/thumb/v7e-m/fpv4-sp/hard/crti.o
 .ARM.attributes
                0x0000000000000022       0x34 c:/st/stm32cubeide_1.0.2/stm32cubeide/plugins/com.st.stm32cube.ide.mcu.externaltools.gnu-tools-for-stm32.7-2018-q2-update.win32_1.0.0.201904181610/tools/bin/../lib/gcc/arm-none-eabi/7.3.1/thumb/v7e-m/fpv4-sp/hard/crtbegin.o
 .ARM.attributes
                0x0000000000000056       0x39 Drivers/CMSIS/DSP/Source/BasicMathFunctions/arm_dot_prod_f32.o
 .ARM.attributes
                0x000000000000008f       0x39 Drivers/CMSIS/DSP/Source/MatrixFunctions/arm_mat_init_f32.o
 .ARM.attributes
                0x00000000000000c8       0x39 Drivers/STM32F4xx_HAL_Driver/Src/stm32f4xx_hal.o
 .ARM.attributes
                0x0000000000000101       0x39 Drivers/STM32F4xx_HAL_Driver/Src/stm32f4xx_hal_cortex.o
 .ARM.attributes
                0x000000000000013a       0x39 Drivers/STM32F4xx_HAL_Driver/Src/stm32f4xx_hal_crc.o
 .ARM.attributes
                0x0000000000000173       0x39 Drivers/STM32F4xx_HAL_Driver/Src/stm32f4xx_hal_dma.o
 .ARM.attributes
                0x00000000000001ac       0x39 Drivers/STM32F4xx_HAL_Driver/Src/stm32f4xx_hal_gpio.o
 .ARM.attributes
                0x00000000000001e5       0x39 Drivers/STM32F4xx_HAL_Driver/Src/stm32f4xx_hal_rcc.o
 .ARM.attributes
                0x000000000000021e       0x39 Drivers/STM32F4xx_HAL_Driver/Src/stm32f4xx_hal_spi.o
 .ARM.attributes
                0x0000000000000257       0x39 Drivers/STM32F4xx_HAL_Driver/Src/stm32f4xx_hal_sram.o
 .ARM.attributes
                0x0000000000000290       0x39 Drivers/STM32F4xx_HAL_Driver/Src/stm32f4xx_hal_uart.o
 .ARM.attributes
                0x00000000000002c9       0x39 Drivers/STM32F4xx_HAL_Driver/Src/stm32f4xx_ll_fsmc.o
 .ARM.attributes
                0x0000000000000302       0x39 Src/app_x-cube-ai.o
 .ARM.attributes
                0x000000000000033b       0x39 Src/handwritten_nn.o
 .ARM.attributes
                0x0000000000000374       0x39 Src/handwritten_nn_data.o
 .ARM.attributes
                0x00000000000003ad       0x39 Src/ili9325.o
 .ARM.attributes
                0x00000000000003e6       0x39 Src/main.o
 .ARM.attributes
                0x000000000000041f       0x39 Src/stm32_lcd_bsp.o
 .ARM.attributes
                0x0000000000000458       0x39 Src/stm32f4xx_hal_msp.o
 .ARM.attributes
                0x0000000000000491       0x39 Src/stm32f4xx_it.o
 .ARM.attributes
                0x00000000000004ca       0x39 Src/system_stm32f4xx.o
 .ARM.attributes
                0x0000000000000503       0x39 Src/touch_panel.o
 .ARM.attributes
                0x000000000000053c       0x21 Startup/startup_stm32f407igtx.o
 .ARM.attributes
                0x000000000000055d       0x58 ../Middlewares/ST/AI/Lib\NetworkRuntime400_CM4_GCC.a(ai_platform_interface.o)
 .ARM.attributes
                0x00000000000005b5       0x5a ../Middlewares/ST/AI/Lib\NetworkRuntime400_CM4_GCC.a(core_common.o)
 .ARM.attributes
                0x000000000000060f       0x58 ../Middlewares/ST/AI/Lib\NetworkRuntime400_CM4_GCC.a(layers.o)
 .ARM.attributes
                0x0000000000000667       0x58 ../Middlewares/ST/AI/Lib\NetworkRuntime400_CM4_GCC.a(layers_conv2d_generic_float.o)
 .ARM.attributes
                0x00000000000006bf       0x5a ../Middlewares/ST/AI/Lib\NetworkRuntime400_CM4_GCC.a(layers_nl_generic_float.o)
 .ARM.attributes
                0x0000000000000719       0x54 ../Middlewares/ST/AI/Lib\NetworkRuntime400_CM4_GCC.a(ai_datatypes_format.o)
 .ARM.attributes
                0x000000000000076d       0x5a ../Middlewares/ST/AI/Lib\NetworkRuntime400_CM4_GCC.a(ai_math_helpers.o)
 .ARM.attributes
                0x00000000000007c7       0x34 c:/st/stm32cubeide_1.0.2/stm32cubeide/plugins/com.st.stm32cube.ide.mcu.externaltools.gnu-tools-for-stm32.7-2018-q2-update.win32_1.0.0.201904181610/tools/bin/../lib/gcc/arm-none-eabi/7.3.1/../../../../arm-none-eabi/lib/thumb/v7e-m/fpv4-sp/hard\libc_nano.a(lib_a-aeabi_memclr.o)
 .ARM.attributes
                0x00000000000007fb       0x34 c:/st/stm32cubeide_1.0.2/stm32cubeide/plugins/com.st.stm32cube.ide.mcu.externaltools.gnu-tools-for-stm32.7-2018-q2-update.win32_1.0.0.201904181610/tools/bin/../lib/gcc/arm-none-eabi/7.3.1/../../../../arm-none-eabi/lib/thumb/v7e-m/fpv4-sp/hard\libc_nano.a(lib_a-aeabi_memcpy.o)
 .ARM.attributes
                0x000000000000082f       0x20 c:/st/stm32cubeide_1.0.2/stm32cubeide/plugins/com.st.stm32cube.ide.mcu.externaltools.gnu-tools-for-stm32.7-2018-q2-update.win32_1.0.0.201904181610/tools/bin/../lib/gcc/arm-none-eabi/7.3.1/../../../../arm-none-eabi/lib/thumb/v7e-m/fpv4-sp/hard\libc_nano.a(lib_a-aeabi_memset-soft.o)
 .ARM.attributes
                0x000000000000084f       0x34 c:/st/stm32cubeide_1.0.2/stm32cubeide/plugins/com.st.stm32cube.ide.mcu.externaltools.gnu-tools-for-stm32.7-2018-q2-update.win32_1.0.0.201904181610/tools/bin/../lib/gcc/arm-none-eabi/7.3.1/../../../../arm-none-eabi/lib/thumb/v7e-m/fpv4-sp/hard\libc_nano.a(lib_a-errno.o)
 .ARM.attributes
                0x0000000000000883       0x34 c:/st/stm32cubeide_1.0.2/stm32cubeide/plugins/com.st.stm32cube.ide.mcu.externaltools.gnu-tools-for-stm32.7-2018-q2-update.win32_1.0.0.201904181610/tools/bin/../lib/gcc/arm-none-eabi/7.3.1/../../../../arm-none-eabi/lib/thumb/v7e-m/fpv4-sp/hard\libc_nano.a(lib_a-impure.o)
 .ARM.attributes
                0x00000000000008b7       0x34 c:/st/stm32cubeide_1.0.2/stm32cubeide/plugins/com.st.stm32cube.ide.mcu.externaltools.gnu-tools-for-stm32.7-2018-q2-update.win32_1.0.0.201904181610/tools/bin/../lib/gcc/arm-none-eabi/7.3.1/../../../../arm-none-eabi/lib/thumb/v7e-m/fpv4-sp/hard\libc_nano.a(lib_a-init.o)
 .ARM.attributes
                0x00000000000008eb       0x34 c:/st/stm32cubeide_1.0.2/stm32cubeide/plugins/com.st.stm32cube.ide.mcu.externaltools.gnu-tools-for-stm32.7-2018-q2-update.win32_1.0.0.201904181610/tools/bin/../lib/gcc/arm-none-eabi/7.3.1/../../../../arm-none-eabi/lib/thumb/v7e-m/fpv4-sp/hard\libc_nano.a(lib_a-memcmp.o)
 .ARM.attributes
                0x000000000000091f       0x34 c:/st/stm32cubeide_1.0.2/stm32cubeide/plugins/com.st.stm32cube.ide.mcu.externaltools.gnu-tools-for-stm32.7-2018-q2-update.win32_1.0.0.201904181610/tools/bin/../lib/gcc/arm-none-eabi/7.3.1/../../../../arm-none-eabi/lib/thumb/v7e-m/fpv4-sp/hard\libc_nano.a(lib_a-memcpy-stub.o)
 .ARM.attributes
                0x0000000000000953       0x34 c:/st/stm32cubeide_1.0.2/stm32cubeide/plugins/com.st.stm32cube.ide.mcu.externaltools.gnu-tools-for-stm32.7-2018-q2-update.win32_1.0.0.201904181610/tools/bin/../lib/gcc/arm-none-eabi/7.3.1/../../../../arm-none-eabi/lib/thumb/v7e-m/fpv4-sp/hard\libc_nano.a(lib_a-memset.o)
 .ARM.attributes
                0x0000000000000987       0x34 c:/st/stm32cubeide_1.0.2/stm32cubeide/plugins/com.st.stm32cube.ide.mcu.externaltools.gnu-tools-for-stm32.7-2018-q2-update.win32_1.0.0.201904181610/tools/bin/../lib/gcc/arm-none-eabi/7.3.1/../../../../arm-none-eabi/lib/thumb/v7e-m/fpv4-sp/hard\libm.a(lib_a-sf_tanh.o)
 .ARM.attributes
                0x00000000000009bb       0x34 c:/st/stm32cubeide_1.0.2/stm32cubeide/plugins/com.st.stm32cube.ide.mcu.externaltools.gnu-tools-for-stm32.7-2018-q2-update.win32_1.0.0.201904181610/tools/bin/../lib/gcc/arm-none-eabi/7.3.1/../../../../arm-none-eabi/lib/thumb/v7e-m/fpv4-sp/hard\libm.a(lib_a-wf_exp.o)
 .ARM.attributes
                0x00000000000009ef       0x34 c:/st/stm32cubeide_1.0.2/stm32cubeide/plugins/com.st.stm32cube.ide.mcu.externaltools.gnu-tools-for-stm32.7-2018-q2-update.win32_1.0.0.201904181610/tools/bin/../lib/gcc/arm-none-eabi/7.3.1/../../../../arm-none-eabi/lib/thumb/v7e-m/fpv4-sp/hard\libm.a(lib_a-wf_log.o)
 .ARM.attributes
                0x0000000000000a23       0x34 c:/st/stm32cubeide_1.0.2/stm32cubeide/plugins/com.st.stm32cube.ide.mcu.externaltools.gnu-tools-for-stm32.7-2018-q2-update.win32_1.0.0.201904181610/tools/bin/../lib/gcc/arm-none-eabi/7.3.1/../../../../arm-none-eabi/lib/thumb/v7e-m/fpv4-sp/hard\libm.a(lib_a-wf_pow.o)
 .ARM.attributes
                0x0000000000000a57       0x34 c:/st/stm32cubeide_1.0.2/stm32cubeide/plugins/com.st.stm32cube.ide.mcu.externaltools.gnu-tools-for-stm32.7-2018-q2-update.win32_1.0.0.201904181610/tools/bin/../lib/gcc/arm-none-eabi/7.3.1/../../../../arm-none-eabi/lib/thumb/v7e-m/fpv4-sp/hard\libm.a(lib_a-ef_exp.o)
 .ARM.attributes
                0x0000000000000a8b       0x34 c:/st/stm32cubeide_1.0.2/stm32cubeide/plugins/com.st.stm32cube.ide.mcu.externaltools.gnu-tools-for-stm32.7-2018-q2-update.win32_1.0.0.201904181610/tools/bin/../lib/gcc/arm-none-eabi/7.3.1/../../../../arm-none-eabi/lib/thumb/v7e-m/fpv4-sp/hard\libm.a(lib_a-ef_log.o)
 .ARM.attributes
                0x0000000000000abf       0x34 c:/st/stm32cubeide_1.0.2/stm32cubeide/plugins/com.st.stm32cube.ide.mcu.externaltools.gnu-tools-for-stm32.7-2018-q2-update.win32_1.0.0.201904181610/tools/bin/../lib/gcc/arm-none-eabi/7.3.1/../../../../arm-none-eabi/lib/thumb/v7e-m/fpv4-sp/hard\libm.a(lib_a-ef_pow.o)
 .ARM.attributes
                0x0000000000000af3       0x34 c:/st/stm32cubeide_1.0.2/stm32cubeide/plugins/com.st.stm32cube.ide.mcu.externaltools.gnu-tools-for-stm32.7-2018-q2-update.win32_1.0.0.201904181610/tools/bin/../lib/gcc/arm-none-eabi/7.3.1/../../../../arm-none-eabi/lib/thumb/v7e-m/fpv4-sp/hard\libm.a(lib_a-ef_sqrt.o)
 .ARM.attributes
                0x0000000000000b27       0x34 c:/st/stm32cubeide_1.0.2/stm32cubeide/plugins/com.st.stm32cube.ide.mcu.externaltools.gnu-tools-for-stm32.7-2018-q2-update.win32_1.0.0.201904181610/tools/bin/../lib/gcc/arm-none-eabi/7.3.1/../../../../arm-none-eabi/lib/thumb/v7e-m/fpv4-sp/hard\libm.a(lib_a-s_lib_ver.o)
 .ARM.attributes
                0x0000000000000b5b       0x34 c:/st/stm32cubeide_1.0.2/stm32cubeide/plugins/com.st.stm32cube.ide.mcu.externaltools.gnu-tools-for-stm32.7-2018-q2-update.win32_1.0.0.201904181610/tools/bin/../lib/gcc/arm-none-eabi/7.3.1/../../../../arm-none-eabi/lib/thumb/v7e-m/fpv4-sp/hard\libm.a(lib_a-s_matherr.o)
 .ARM.attributes
                0x0000000000000b8f       0x34 c:/st/stm32cubeide_1.0.2/stm32cubeide/plugins/com.st.stm32cube.ide.mcu.externaltools.gnu-tools-for-stm32.7-2018-q2-update.win32_1.0.0.201904181610/tools/bin/../lib/gcc/arm-none-eabi/7.3.1/../../../../arm-none-eabi/lib/thumb/v7e-m/fpv4-sp/hard\libm.a(lib_a-s_nan.o)
 .ARM.attributes
                0x0000000000000bc3       0x34 c:/st/stm32cubeide_1.0.2/stm32cubeide/plugins/com.st.stm32cube.ide.mcu.externaltools.gnu-tools-for-stm32.7-2018-q2-update.win32_1.0.0.201904181610/tools/bin/../lib/gcc/arm-none-eabi/7.3.1/../../../../arm-none-eabi/lib/thumb/v7e-m/fpv4-sp/hard\libm.a(lib_a-sf_expm1.o)
 .ARM.attributes
                0x0000000000000bf7       0x34 c:/st/stm32cubeide_1.0.2/stm32cubeide/plugins/com.st.stm32cube.ide.mcu.externaltools.gnu-tools-for-stm32.7-2018-q2-update.win32_1.0.0.201904181610/tools/bin/../lib/gcc/arm-none-eabi/7.3.1/../../../../arm-none-eabi/lib/thumb/v7e-m/fpv4-sp/hard\libm.a(lib_a-sf_fabs.o)
 .ARM.attributes
                0x0000000000000c2b       0x34 c:/st/stm32cubeide_1.0.2/stm32cubeide/plugins/com.st.stm32cube.ide.mcu.externaltools.gnu-tools-for-stm32.7-2018-q2-update.win32_1.0.0.201904181610/tools/bin/../lib/gcc/arm-none-eabi/7.3.1/../../../../arm-none-eabi/lib/thumb/v7e-m/fpv4-sp/hard\libm.a(lib_a-sf_finite.o)
 .ARM.attributes
                0x0000000000000c5f       0x34 c:/st/stm32cubeide_1.0.2/stm32cubeide/plugins/com.st.stm32cube.ide.mcu.externaltools.gnu-tools-for-stm32.7-2018-q2-update.win32_1.0.0.201904181610/tools/bin/../lib/gcc/arm-none-eabi/7.3.1/../../../../arm-none-eabi/lib/thumb/v7e-m/fpv4-sp/hard\libm.a(lib_a-sf_nan.o)
 .ARM.attributes
                0x0000000000000c93       0x34 c:/st/stm32cubeide_1.0.2/stm32cubeide/plugins/com.st.stm32cube.ide.mcu.externaltools.gnu-tools-for-stm32.7-2018-q2-update.win32_1.0.0.201904181610/tools/bin/../lib/gcc/arm-none-eabi/7.3.1/../../../../arm-none-eabi/lib/thumb/v7e-m/fpv4-sp/hard\libm.a(lib_a-sf_rint.o)
 .ARM.attributes
                0x0000000000000cc7       0x34 c:/st/stm32cubeide_1.0.2/stm32cubeide/plugins/com.st.stm32cube.ide.mcu.externaltools.gnu-tools-for-stm32.7-2018-q2-update.win32_1.0.0.201904181610/tools/bin/../lib/gcc/arm-none-eabi/7.3.1/../../../../arm-none-eabi/lib/thumb/v7e-m/fpv4-sp/hard\libm.a(lib_a-sf_scalbn.o)
 .ARM.attributes
                0x0000000000000cfb       0x34 c:/st/stm32cubeide_1.0.2/stm32cubeide/plugins/com.st.stm32cube.ide.mcu.externaltools.gnu-tools-for-stm32.7-2018-q2-update.win32_1.0.0.201904181610/tools/bin/../lib/gcc/arm-none-eabi/7.3.1/../../../../arm-none-eabi/lib/thumb/v7e-m/fpv4-sp/hard\libm.a(lib_a-sf_copysign.o)
 .ARM.attributes
                0x0000000000000d2f       0x22 c:/st/stm32cubeide_1.0.2/stm32cubeide/plugins/com.st.stm32cube.ide.mcu.externaltools.gnu-tools-for-stm32.7-2018-q2-update.win32_1.0.0.201904181610/tools/bin/../lib/gcc/arm-none-eabi/7.3.1/thumb/v7e-m/fpv4-sp/hard\libgcc.a(_arm_addsubdf3.o)
 .ARM.attributes
                0x0000000000000d51       0x22 c:/st/stm32cubeide_1.0.2/stm32cubeide/plugins/com.st.stm32cube.ide.mcu.externaltools.gnu-tools-for-stm32.7-2018-q2-update.win32_1.0.0.201904181610/tools/bin/../lib/gcc/arm-none-eabi/7.3.1/thumb/v7e-m/fpv4-sp/hard\libgcc.a(_arm_cmpdf2.o)
 .ARM.attributes
                0x0000000000000d73       0x22 c:/st/stm32cubeide_1.0.2/stm32cubeide/plugins/com.st.stm32cube.ide.mcu.externaltools.gnu-tools-for-stm32.7-2018-q2-update.win32_1.0.0.201904181610/tools/bin/../lib/gcc/arm-none-eabi/7.3.1/thumb/v7e-m/fpv4-sp/hard\libgcc.a(_arm_truncdfsf2.o)
 .ARM.attributes
                0x0000000000000d95       0x22 c:/st/stm32cubeide_1.0.2/stm32cubeide/plugins/com.st.stm32cube.ide.mcu.externaltools.gnu-tools-for-stm32.7-2018-q2-update.win32_1.0.0.201904181610/tools/bin/../lib/gcc/arm-none-eabi/7.3.1/thumb/v7e-m/fpv4-sp/hard\libgcc.a(_aeabi_uldivmod.o)
 .ARM.attributes
                0x0000000000000db7       0x34 c:/st/stm32cubeide_1.0.2/stm32cubeide/plugins/com.st.stm32cube.ide.mcu.externaltools.gnu-tools-for-stm32.7-2018-q2-update.win32_1.0.0.201904181610/tools/bin/../lib/gcc/arm-none-eabi/7.3.1/thumb/v7e-m/fpv4-sp/hard\libgcc.a(_udivmoddi4.o)
 .ARM.attributes
                0x0000000000000deb       0x22 c:/st/stm32cubeide_1.0.2/stm32cubeide/plugins/com.st.stm32cube.ide.mcu.externaltools.gnu-tools-for-stm32.7-2018-q2-update.win32_1.0.0.201904181610/tools/bin/../lib/gcc/arm-none-eabi/7.3.1/thumb/v7e-m/fpv4-sp/hard\libgcc.a(_dvmd_tls.o)
 .ARM.attributes
                0x0000000000000e0d       0x22 c:/st/stm32cubeide_1.0.2/stm32cubeide/plugins/com.st.stm32cube.ide.mcu.externaltools.gnu-tools-for-stm32.7-2018-q2-update.win32_1.0.0.201904181610/tools/bin/../lib/gcc/arm-none-eabi/7.3.1/thumb/v7e-m/fpv4-sp/hard/crtn.o
OUTPUT(AI_HandwrittenDigits_Classification.elf elf32-littlearm)

.debug_info     0x0000000000000000    0x106d4
 .debug_info    0x0000000000000000      0x95c Drivers/CMSIS/DSP/Source/BasicMathFunctions/arm_dot_prod_f32.o
 .debug_info    0x000000000000095c      0x985 Drivers/CMSIS/DSP/Source/MatrixFunctions/arm_mat_init_f32.o
 .debug_info    0x00000000000012e1      0x921 Drivers/STM32F4xx_HAL_Driver/Src/stm32f4xx_hal.o
 .debug_info    0x0000000000001c02      0xdd6 Drivers/STM32F4xx_HAL_Driver/Src/stm32f4xx_hal_cortex.o
 .debug_info    0x00000000000029d8      0x3ef Drivers/STM32F4xx_HAL_Driver/Src/stm32f4xx_hal_crc.o
 .debug_info    0x0000000000002dc7      0x916 Drivers/STM32F4xx_HAL_Driver/Src/stm32f4xx_hal_dma.o
 .debug_info    0x00000000000036dd      0x763 Drivers/STM32F4xx_HAL_Driver/Src/stm32f4xx_hal_gpio.o
 .debug_info    0x0000000000003e40      0x8a4 Drivers/STM32F4xx_HAL_Driver/Src/stm32f4xx_hal_rcc.o
 .debug_info    0x00000000000046e4     0x15e8 Drivers/STM32F4xx_HAL_Driver/Src/stm32f4xx_hal_spi.o
 .debug_info    0x0000000000005ccc      0xab1 Drivers/STM32F4xx_HAL_Driver/Src/stm32f4xx_hal_sram.o
 .debug_info    0x000000000000677d     0x11d5 Drivers/STM32F4xx_HAL_Driver/Src/stm32f4xx_hal_uart.o