stm32f4xx_hal_msp.c:64:6:HAL_MspInit	16	static
stm32f4xx_hal_msp.c:86:6:HAL_CRC_MspInit	24	static
stm32f4xx_hal_msp.c:108:6:HAL_CRC_MspDeInit	16	static
stm32f4xx_hal_msp.c:130:6:HAL_SPI_MspInit	40	static
stm32f4xx_hal_msp.c:172:6:HAL_SPI_MspDeInit	16	static
stm32f4xx_hal_msp.c:204:6:HAL_UART_MspInit	48	static
stm32f4xx_hal_msp.c:243:6:HAL_UART_MspDeInit	16	static
stm32f4xx_hal_msp.c:270:13:HAL_FSMC_MspInit	32	static
stm32f4xx_hal_msp.c:337:6:HAL_SRAM_MspInit	16	static
stm32f4xx_hal_msp.c:349:13:HAL_FSMC_MspDeInit	8	static
stm32f4xx_hal_msp.c:398:6:HAL_SRAM_MspDeInit	16	static
