stm32_lcd_bsp.c:114:9:BSP_LCD_Init	16	static
stm32_lcd_bsp.c:142:10:BSP_LCD_GetXSize	8	static
stm32_lcd_bsp.c:151:10:BSP_LCD_GetYSize	8	static
stm32_lcd_bsp.c:160:10:BSP_LCD_GetTextColor	4	static
stm32_lcd_bsp.c:169:10:BSP_LCD_GetBackColor	4	static
stm32_lcd_bsp.c:179:6:BSP_LCD_SetTextColor	16	static
stm32_lcd_bsp.c:189:6:BSP_LCD_SetBackColor	16	static
stm32_lcd_bsp.c:199:6:BSP_LCD_SetFont	16	static
stm32_lcd_bsp.c:208:8:BSP_LCD_GetFont	4	static
stm32_lcd_bsp.c:218:6:BSP_LCD_Clear	32	static
stm32_lcd_bsp.c:243:6:BSP_LCD_ClearStringLine	32	static
stm32_lcd_bsp.c:263:6:BSP_LCD_DisplayChar	16	static
stm32_lcd_bsp.c:281:6:BSP_LCD_DisplayStringAt	48	static
stm32_lcd_bsp.c:340:6:BSP_LCD_DisplayStringAtLine	16	static
stm32_lcd_bsp.c:351:10:BSP_LCD_ReadPixel	24	static
stm32_lcd_bsp.c:370:6:BSP_LCD_DrawHLine	32	static
stm32_lcd_bsp.c:394:6:BSP_LCD_DrawVLine	32	static
stm32_lcd_bsp.c:419:6:BSP_LCD_DrawLine	56	static
stm32_lcd_bsp.c:494:6:BSP_LCD_DrawRect	24	static
stm32_lcd_bsp.c:512:6:BSP_LCD_DrawCircle	32	static
stm32_lcd_bsp.c:562:6:BSP_LCD_DrawPolygon	32	static
stm32_lcd_bsp.c:591:6:BSP_LCD_DrawEllipse	56	static
stm32_lcd_bsp.c:624:6:BSP_LCD_DrawBitmap	32	static
stm32_lcd_bsp.c:656:6:BSP_LCD_DrawRGBImage	32	static
stm32_lcd_bsp.c:676:6:BSP_LCD_FillRect	24	static
stm32_lcd_bsp.c:693:6:BSP_LCD_FillCircle	32	static
stm32_lcd_bsp.c:743:6:BSP_LCD_FillEllipse	56	static
stm32_lcd_bsp.c:773:6:BSP_LCD_DisplayOn	8	static
stm32_lcd_bsp.c:782:6:BSP_LCD_DisplayOff	8	static
stm32_lcd_bsp.c:805:13:LCD_DrawPixel	16	static
stm32_lcd_bsp.c:820:13:LCD_DrawChar	48	static
stm32_lcd_bsp.c:891:13:LCD_SetDisplayWindow	24	static
