stm32_lcd_bsp.c:114:9:BSP_LCD_Init	16	static
stm32_lcd_bsp.c:141:6:resetDrawPop	8	static
stm32_lcd_bsp.c:154:10:BSP_LCD_GetXSize	8	static
stm32_lcd_bsp.c:163:10:BSP_LCD_GetYSize	8	static
stm32_lcd_bsp.c:172:10:BSP_LCD_GetTextColor	4	static
stm32_lcd_bsp.c:181:10:BSP_LCD_GetBackColor	4	static
stm32_lcd_bsp.c:191:6:BSP_LCD_SetTextColor	16	static
stm32_lcd_bsp.c:201:6:BSP_LCD_SetBackColor	16	static
stm32_lcd_bsp.c:211:6:BSP_LCD_SetFont	16	static
stm32_lcd_bsp.c:220:8:BSP_LCD_GetFont	4	static
stm32_lcd_bsp.c:231:6:clearPixels	32	static
stm32_lcd_bsp.c:253:6:BSP_LCD_Clear	32	static
stm32_lcd_bsp.c:278:6:BSP_LCD_ClearStringLine	32	static
stm32_lcd_bsp.c:298:6:BSP_LCD_DisplayChar	16	static
stm32_lcd_bsp.c:316:6:BSP_LCD_DisplayStringAt	48	static
stm32_lcd_bsp.c:375:6:BSP_LCD_DisplayStringAtLine	16	static
stm32_lcd_bsp.c:386:10:BSP_LCD_ReadPixel	24	static
stm32_lcd_bsp.c:405:6:BSP_LCD_DrawHLine	32	static
stm32_lcd_bsp.c:429:6:BSP_LCD_DrawVLine	32	static
stm32_lcd_bsp.c:454:6:BSP_LCD_DrawLine	56	static
stm32_lcd_bsp.c:529:6:BSP_LCD_DrawRect	24	static
stm32_lcd_bsp.c:547:6:BSP_LCD_DrawCircle	32	static
stm32_lcd_bsp.c:597:6:BSP_LCD_DrawPolygon	32	static
stm32_lcd_bsp.c:626:6:BSP_LCD_DrawEllipse	56	static
stm32_lcd_bsp.c:659:6:BSP_LCD_DrawBitmap	32	static
stm32_lcd_bsp.c:691:6:BSP_LCD_DrawRGBImage	32	static
stm32_lcd_bsp.c:711:6:BSP_LCD_FillRect	24	static
stm32_lcd_bsp.c:728:6:BSP_LCD_FillCircle	32	static
stm32_lcd_bsp.c:778:6:BSP_LCD_FillEllipse	56	static
stm32_lcd_bsp.c:808:6:BSP_LCD_DisplayOn	8	static
stm32_lcd_bsp.c:817:6:BSP_LCD_DisplayOff	8	static
stm32_lcd_bsp.c:840:13:LCD_DrawPixel	16	static
stm32_lcd_bsp.c:855:13:LCD_DrawChar	48	static
stm32_lcd_bsp.c:926:13:LCD_SetDisplayWindow	24	static
