stm32_lcd_bsp.c:114:9:BSP_LCD_Init	16	static
stm32_lcd_bsp.c:142:10:BSP_LCD_GetXSize	8	static
stm32_lcd_bsp.c:151:10:BSP_LCD_GetYSize	8	static
stm32_lcd_bsp.c:160:10:BSP_LCD_GetTextColor	4	static
stm32_lcd_bsp.c:169:10:BSP_LCD_GetBackColor	4	static
stm32_lcd_bsp.c:179:6:BSP_LCD_SetTextColor	16	static
stm32_lcd_bsp.c:189:6:BSP_LCD_SetBackColor	16	static
stm32_lcd_bsp.c:199:6:BSP_LCD_SetFont	16	static
stm32_lcd_bsp.c:208:8:BSP_LCD_GetFont	4	static
stm32_lcd_bsp.c:219:6:clearPixels	32	static
stm32_lcd_bsp.c:241:6:BSP_LCD_Clear	32	static
stm32_lcd_bsp.c:266:6:BSP_LCD_ClearStringLine	32	static
stm32_lcd_bsp.c:286:6:BSP_LCD_DisplayChar	16	static
stm32_lcd_bsp.c:304:6:BSP_LCD_DisplayStringAt	48	static
stm32_lcd_bsp.c:363:6:BSP_LCD_DisplayStringAtLine	16	static
stm32_lcd_bsp.c:374:10:BSP_LCD_ReadPixel	24	static
stm32_lcd_bsp.c:393:6:BSP_LCD_DrawHLine	32	static
stm32_lcd_bsp.c:417:6:BSP_LCD_DrawVLine	32	static
stm32_lcd_bsp.c:442:6:BSP_LCD_DrawLine	56	static
stm32_lcd_bsp.c:517:6:BSP_LCD_DrawRect	24	static
stm32_lcd_bsp.c:535:6:BSP_LCD_DrawCircle	32	static
stm32_lcd_bsp.c:585:6:BSP_LCD_DrawPolygon	32	static
stm32_lcd_bsp.c:614:6:BSP_LCD_DrawEllipse	56	static
stm32_lcd_bsp.c:647:6:BSP_LCD_DrawBitmap	32	static
stm32_lcd_bsp.c:679:6:BSP_LCD_DrawRGBImage	32	static
stm32_lcd_bsp.c:699:6:BSP_LCD_FillRect	24	static
stm32_lcd_bsp.c:716:6:BSP_LCD_FillCircle	32	static
stm32_lcd_bsp.c:766:6:BSP_LCD_FillEllipse	56	static
stm32_lcd_bsp.c:796:6:BSP_LCD_DisplayOn	8	static
stm32_lcd_bsp.c:805:6:BSP_LCD_DisplayOff	8	static
stm32_lcd_bsp.c:828:13:LCD_DrawPixel	16	static
stm32_lcd_bsp.c:843:13:LCD_DrawChar	48	static
stm32_lcd_bsp.c:914:13:LCD_SetDisplayWindow	24	static
